Archive member included to satisfy reference by file (symbol)

../Middlewares/ST/AI/Lib\NetworkRuntime512_CM7_GCC.a(ai_platform_interface.o)
                              ./X-CUBE-AI/App/network.o (ai_platform_runtime_get_revision)
../Middlewares/ST/AI/Lib\NetworkRuntime512_CM7_GCC.a(core_mem_manager.o)
                              ../Middlewares/ST/AI/Lib\NetworkRuntime512_CM7_GCC.a(ai_platform_interface.o) (core_mem_alloc)
../Middlewares/ST/AI/Lib\NetworkRuntime512_CM7_GCC.a(core_convert.o)
                              ./X-CUBE-AI/App/network.o (node_convert)
../Middlewares/ST/AI/Lib\NetworkRuntime512_CM7_GCC.a(core_common.o)
                              ../Middlewares/ST/AI/Lib\NetworkRuntime512_CM7_GCC.a(ai_platform_interface.o) (core_init)
../Middlewares/ST/AI/Lib\NetworkRuntime512_CM7_GCC.a(layers_conv2d_generic_float.o)
                              ./X-CUBE-AI/App/sine_model.o (forward_dense)
../Middlewares/ST/AI/Lib\NetworkRuntime512_CM7_GCC.a(layers_conv2d_stm32_integer.o)
                              ./X-CUBE-AI/App/network.o (forward_conv2d_nl_pool_integer_SSSA_ch)
../Middlewares/ST/AI/Lib\NetworkRuntime512_CM7_GCC.a(layers_nl_generic_float.o)
                              ./X-CUBE-AI/App/sine_model.o (forward_relu)
../Middlewares/ST/AI/Lib\NetworkRuntime512_CM7_GCC.a(layers_nl_stm32_integer.o)
                              ./X-CUBE-AI/App/network.o (nl_func_clip_array_integer)
../Middlewares/ST/AI/Lib\NetworkRuntime512_CM7_GCC.a(layers.o)
                              ../Middlewares/ST/AI/Lib\NetworkRuntime512_CM7_GCC.a(ai_platform_interface.o) (ai_check_custom_types)
../Middlewares/ST/AI/Lib\NetworkRuntime512_CM7_GCC.a(layers_pool_stm32_integer.o)
                              ./X-CUBE-AI/App/network.o (pool_func_ap_array_integer_INT8)
../Middlewares/ST/AI/Lib\NetworkRuntime512_CM7_GCC.a(arm_mat_init_f32.o)
                              ../Middlewares/ST/AI/Lib\NetworkRuntime512_CM7_GCC.a(layers_conv2d_generic_float.o) (arm_mat_init_f32)
../Middlewares/ST/AI/Lib\NetworkRuntime512_CM7_GCC.a(arm_float_to_q15.o)
                              ../Middlewares/ST/AI/Lib\NetworkRuntime512_CM7_GCC.a(core_convert.o) (arm_float_to_q15)
../Middlewares/ST/AI/Lib\NetworkRuntime512_CM7_GCC.a(arm_float_to_q7.o)
                              ../Middlewares/ST/AI/Lib\NetworkRuntime512_CM7_GCC.a(core_convert.o) (arm_float_to_q7)
../Middlewares/ST/AI/Lib\NetworkRuntime512_CM7_GCC.a(arm_q15_to_float.o)
                              ../Middlewares/ST/AI/Lib\NetworkRuntime512_CM7_GCC.a(core_convert.o) (arm_q15_to_float)
../Middlewares/ST/AI/Lib\NetworkRuntime512_CM7_GCC.a(arm_q15_to_q7.o)
                              ../Middlewares/ST/AI/Lib\NetworkRuntime512_CM7_GCC.a(core_convert.o) (arm_q15_to_q7)
../Middlewares/ST/AI/Lib\NetworkRuntime512_CM7_GCC.a(arm_q7_to_float.o)
                              ../Middlewares/ST/AI/Lib\NetworkRuntime512_CM7_GCC.a(core_convert.o) (arm_q7_to_float)
../Middlewares/ST/AI/Lib\NetworkRuntime512_CM7_GCC.a(arm_q7_to_q15.o)
                              ../Middlewares/ST/AI/Lib\NetworkRuntime512_CM7_GCC.a(core_convert.o) (arm_q7_to_q15)
../Middlewares/ST/AI/Lib\NetworkRuntime512_CM7_GCC.a(arm_shift_q15.o)
                              ../Middlewares/ST/AI/Lib\NetworkRuntime512_CM7_GCC.a(core_convert.o) (arm_shift_q15)
../Middlewares/ST/AI/Lib\NetworkRuntime512_CM7_GCC.a(arm_shift_q7.o)
                              ../Middlewares/ST/AI/Lib\NetworkRuntime512_CM7_GCC.a(core_convert.o) (arm_shift_q7)
../Middlewares/ST/AI/Lib\NetworkRuntime512_CM7_GCC.a(st_ssua8_convolve_dw.o)
                              ../Middlewares/ST/AI/Lib\NetworkRuntime512_CM7_GCC.a(layers_conv2d_stm32_integer.o) (st_ssua8_conv_dw_Wadapt)
../Middlewares/ST/AI/Lib\NetworkRuntime512_CM7_GCC.a(st_uaua8_ch_convolve.o)
                              ../Middlewares/ST/AI/Lib\NetworkRuntime512_CM7_GCC.a(layers_conv2d_stm32_integer.o) (st_uaua8_ch_convolve_rank1upd)
../Middlewares/ST/AI/Lib\NetworkRuntime512_CM7_GCC.a(st_ssua8_ch_convolve.o)
                              ../Middlewares/ST/AI/Lib\NetworkRuntime512_CM7_GCC.a(layers_conv2d_stm32_integer.o) (st_ssua8_ch_convolve_rank1upd)
../Middlewares/ST/AI/Lib\NetworkRuntime512_CM7_GCC.a(st_uaua8_convolve.o)
                              ../Middlewares/ST/AI/Lib\NetworkRuntime512_CM7_GCC.a(layers_conv2d_stm32_integer.o) (st_uaua8_convolve_rank1upd)
../Middlewares/ST/AI/Lib\NetworkRuntime512_CM7_GCC.a(st_ssua8_convolve.o)
                              ../Middlewares/ST/AI/Lib\NetworkRuntime512_CM7_GCC.a(layers_conv2d_stm32_integer.o) (st_ssua8_convolve_rank1upd)
../Middlewares/ST/AI/Lib\NetworkRuntime512_CM7_GCC.a(st_convolve_reference.o)
                              ../Middlewares/ST/AI/Lib\NetworkRuntime512_CM7_GCC.a(layers_conv2d_stm32_integer.o) (align_factor)
../Middlewares/ST/AI/Lib\NetworkRuntime512_CM7_GCC.a(st_uaua8_ch_convolve_rgb.o)
[...]
Memory Configuration

Name             Origin             Length             Attributes
RAM              0x0000000020000000 0x0000000000080000 xrw
FLASH            0x0000000008000000 0x0000000000200000 xr
*default*        0x0000000000000000 0xffffffffffffffff

Linker script and memory map

LOAD c:/st/stm32cubeide_1.8.0/stm32cubeide/plugins/com.st.stm32cube.ide.mcu.externaltools.gnu-tools-for-stm32.10.3-2021.10.win32_1.0.0.202111181127/tools/bin/../lib/gcc/arm-none-eabi/10.3.1/thumb/v7e-m+dp/hard/crti.o
LOAD c:/st/stm32cubeide_1.8.0/stm32cubeide/plugins/com.st.stm32cube.ide.mcu.externaltools.gnu-tools-for-stm32.10.3-2021.10.win32_1.0.0.202111181127/tools/bin/../lib/gcc/arm-none-eabi/10.3.1/thumb/v7e-m+dp/hard/crtbegin.o
LOAD c:/st/stm32cubeide_1.8.0/stm32cubeide/plugins/com.st.stm32cube.ide.mcu.externaltools.gnu-tools-for-stm32.10.3-2021.10.win32_1.0.0.202111181127/tools/bin/../lib/gcc/arm-none-eabi/10.3.1/../../../../arm-none-eabi/lib/thumb/v7e-m+dp/hard/crt0.o
LOAD ./Core/Inc/w25qxx.o
LOAD ./Core/Src/crc.o
LOAD ./Core/Src/dma.o
LOAD ./Core/Src/gpio.o
LOAD ./Core/Src/main.o
LOAD ./Core/Src/quadspi.o
LOAD ./Core/Src/spi.o
LOAD ./Core/Src/stm32f7xx_hal_msp.o
LOAD ./Core/Src/stm32f7xx_it.o
LOAD ./Core/Src/syscalls.o
LOAD ./Core/Src/sysmem.o
LOAD ./Core/Src/system_stm32f7xx.o
LOAD ./Core/Src/tim.o
LOAD ./Core/Src/usart.o
LOAD ./Core/Startup/startup_stm32f767bitx.o
LOAD ./Core/tjpg/tjpgd.o
LOAD ./Drivers/STM32F7xx_HAL_Driver/Src/stm32f7xx_hal.o
LOAD ./Drivers/STM32F7xx_HAL_Driver/Src/stm32f7xx_hal_cortex.o
LOAD ./Drivers/STM32F7xx_HAL_Driver/Src/stm32f7xx_hal_crc.o
LOAD ./Drivers/STM32F7xx_HAL_Driver/Src/stm32f7xx_hal_crc_ex.o
LOAD ./Drivers/STM32F7xx_HAL_Driver/Src/stm32f7xx_hal_dma.o
LOAD ./Drivers/STM32F7xx_HAL_Driver/Src/stm32f7xx_hal_dma_ex.o
LOAD ./Drivers/STM32F7xx_HAL_Driver/Src/stm32f7xx_hal_exti.o
LOAD ./Drivers/STM32F7xx_HAL_Driver/Src/stm32f7xx_hal_flash.o
LOAD ./Drivers/STM32F7xx_HAL_Driver/Src/stm32f7xx_hal_flash_ex.o
LOAD ./Drivers/STM32F7xx_HAL_Driver/Src/stm32f7xx_hal_gpio.o
LOAD ./Drivers/STM32F7xx_HAL_Driver/Src/stm32f7xx_hal_i2c.o
LOAD ./Drivers/STM32F7xx_HAL_Driver/Src/stm32f7xx_hal_i2c_ex.o
LOAD ./Drivers/STM32F7xx_HAL_Driver/Src/stm32f7xx_hal_pwr.o
LOAD ./Drivers/STM32F7xx_HAL_Driver/Src/stm32f7xx_hal_pwr_ex.o
LOAD ./Drivers/STM32F7xx_HAL_Driver/Src/stm32f7xx_hal_qspi.o
LOAD ./Drivers/STM32F7xx_HAL_Driver/Src/stm32f7xx_hal_rcc.o
LOAD ./Drivers/STM32F7xx_HAL_Driver/Src/stm32f7xx_hal_rcc_ex.o
LOAD ./Drivers/STM32F7xx_HAL_Driver/Src/stm32f7xx_hal_spi.o
LOAD ./Drivers/STM32F7xx_HAL_Driver/Src/stm32f7xx_hal_spi_ex.o
LOAD ./Drivers/STM32F7xx_HAL_Driver/Src/stm32f7xx_hal_tim.o
LOAD ./Drivers/STM32F7xx_HAL_Driver/Src/stm32f7xx_hal_tim_ex.o
LOAD ./Drivers/STM32F7xx_HAL_Driver/Src/stm32f7xx_hal_uart.o
LOAD ./Drivers/STM32F7xx_HAL_Driver/Src/stm32f7xx_hal_uart_ex.o
LOAD ./X-CUBE-AI/App/network.o
LOAD ./X-CUBE-AI/App/network_data.o
LOAD ./X-CUBE-AI/App/sine_model.o
LOAD ./X-CUBE-AI/App/sine_model_data.o
LOAD ../Middlewares/ST/AI/Lib\NetworkRuntime512_CM7_GCC.a
START GROUP
LOAD c:/st/stm32cubeide_1.8.0/stm32cubeide/plugins/com.st.stm32cube.ide.mcu.externaltools.gnu-tools-for-stm32.10.3-2021.10.win32_1.0.0.202111181127/tools/bin/../lib/gcc/arm-none-eabi/10.3.1/../../../../arm-none-eabi/lib/thumb/v7e-m+dp/hard\libc_nano.a
LOAD c:/st/stm32cubeide_1.8.0/stm32cubeide/plugins/com.st.stm32cube.ide.mcu.externaltools.gnu-tools-for-stm32.10.3-2021.10.win32_1.0.0.202111181127/tools/bin/../lib/gcc/arm-none-eabi/10.3.1/../../../../arm-none-eabi/lib/thumb/v7e-m+dp/hard\libm.a
END GROUP
START GROUP
LOAD c:/st/stm32cubeide_1.8.0/stm32cubeide/plugins/com.st.stm32cube.ide.mcu.externaltools.gnu-tools-for-stm32.10.3-2021.10.win32_1.0.0.202111181127/tools/bin/../lib/gcc/arm-none-eabi/10.3.1/thumb/v7e-m+dp/hard\libgcc.a
LOAD c:/st/stm32cubeide_1.8.0/stm32cubeide/plugins/com.st.stm32cube.ide.mcu.externaltools.gnu-tools-for-stm32.10.3-2021.10.win32_1.0.0.202111181127/tools/bin/../lib/gcc/arm-none-eabi/10.3.1/../../../../arm-none-eabi/lib/thumb/v7e-m+dp/hard\libc_nano.a
END GROUP
START GROUP
LOAD c:/st/stm32cubeide_1.8.0/stm32cubeide/plugins/com.st.stm32cube.ide.mcu.externaltools.gnu-tools-for-stm32.10.3-2021.10.win32_1.0.0.202111181127/tools/bin/../lib/gcc/arm-none-eabi/10.3.1/thumb/v7e-m+dp/hard\libgcc.a
LOAD c:/st/stm32cubeide_1.8.0/stm32cubeide/plugins/com.st.stm32cube.ide.mcu.externaltools.gnu-tools-for-stm32.10.3-2021.10.win32_1.0.0.202111181127/tools/bin/../lib/gcc/arm-none-eabi/10.3.1/../../../../arm-none-eabi/lib/thumb/v7e-m+dp/hard\libc_nano.a
LOAD c:/st/stm32cubeide_1.8.0/stm32cubeide/plugins/com.st.stm32cube.ide.mcu.externaltools.gnu-tools-for-stm32.10.3-2021.10.win32_1.0.0.202111181127/tools/bin/../lib/gcc/arm-none-eabi/10.3.1/../../../../arm-none-eabi/lib/thumb/v7e-m+dp/hard\libnosys.a
END GROUP
START GROUP
LOAD c:/st/stm32cubeide_1.8.0/stm32cubeide/plugins/com.st.stm32cube.ide.mcu.externaltools.gnu-tools-for-stm32.10.3-2021.10.win32_1.0.0.202111181127/tools/bin/../lib/gcc/arm-none-eabi/10.3.1/thumb/v7e-m+dp/hard\libgcc.a
LOAD c:/st/stm32cubeide_1.8.0/stm32cubeide/plugins/com.st.stm32cube.ide.mcu.externaltools.gnu-tools-for-stm32.10.3-2021.10.win32_1.0.0.202111181127/tools/bin/../lib/gcc/arm-none-eabi/10.3.1/../../../../arm-none-eabi/lib/thumb/v7e-m+dp/hard\libc_nano.a
LOAD c:/st/stm32cubeide_1.8.0/stm32cubeide/plugins/com.st.stm32cube.ide.mcu.externaltools.gnu-tools-for-stm32.10.3-2021.10.win32_1.0.0.202111181127/tools/bin/../lib/gcc/arm-none-eabi/10.3.1/../../../../arm-none-eabi/lib/thumb/v7e-m+dp/hard\libnosys.a
END GROUP
LOAD c:/st/stm32cubeide_1.8.0/stm32cubeide/plugins/com.st.stm32cube.ide.mcu.externaltools.gnu-tools-for-stm32.10.3-2021.10.win32_1.0.0.202111181127/tools/bin/../lib/gcc/arm-none-eabi/10.3.1/thumb/v7e-m+dp/hard/crtend.o
LOAD c:/st/stm32cubeide_1.8.0/stm32cubeide/plugins/com.st.stm32cube.ide.mcu.externaltools.gnu-tools-for-stm32.10.3-2021.10.win32_1.0.0.202111181127/tools/bin/../lib/gcc/arm-none-eabi/10.3.1/thumb/v7e-m+dp/hard/crtn.o
                0x0000000020080000                _estack = (ORIGIN (RAM) + LENGTH (RAM))
                0x0000000000000800                _Min_Heap_Size = 0x800
                0x0000000000000800                _Min_Stack_Size = 0x800

.isr_vector     0x0000000008000000      0x1f8
                0x0000000008000000                . = ALIGN (0x4)
 *(.isr_vector)
 .isr_vector    0x0000000008000000      0x1f8 ./Core/Startup/startup_stm32f767bitx.o
                0x0000000008000000                g_pfnVectors
                0x00000000080001f8                . = ALIGN (0x4)

.text           0x0000000008000200    0x11928
                0x0000000008000200                . = ALIGN (0x4)
 *(.text)
 .text          0x0000000008000200       0x40 c:/st/stm32cubeide_1.8.0/stm32cubeide/plugins/com.st.stm32cube.ide.mcu.externaltools.gnu-tools-for-stm32.10.3-2021.10.win32_1.0.0.202111181127/tools/bin/../lib/gcc/arm-none-eabi/10.3.1/thumb/v7e-m+dp/hard/crtbegin.o
 .text          0x0000000008000240       0x10 c:/st/stm32cubeide_1.8.0/stm32cubeide/plugins/com.st.stm32cube.ide.mcu.externaltools.gnu-tools-for-stm32.10.3-2021.10.win32_1.0.0.202111181127/tools/bin/../lib/gcc/arm-none-eabi/10.3.1/../../../../arm-none-eabi/lib/thumb/v7e-m+dp/hard\libc_nano.a(lib_a-strlen.o)
                0x0000000008000240                strlen
 .text          0x0000000008000250       0xa0 c:/st/stm32cubeide_1.8.0/stm32cubeide/plugins/com.st.stm32cube.ide.mcu.externaltools.gnu-tools-for-stm32.10.3-2021.10.win32_1.0.0.202111181127/tools/bin/../lib/gcc/arm-none-eabi/10.3.1/../../../../arm-none-eabi/lib/thumb/v7e-m+dp/hard\libc_nano.a(lib_a-memchr.o)
                0x0000000008000250                memchr
 .text          0x00000000080002f0       0x30 c:/st/stm32cubeide_1.8.0/stm32cubeide/plugins/com.st.stm32cube.ide.mcu.externaltools.gnu-tools-for-stm32.10.3-2021.10.win32_1.0.0.202111181127/tools/bin/../lib/gcc/arm-none-eabi/10.3.1/thumb/v7e-m+dp/hard\libgcc.a(_aeabi_uldivmod.o)
                0x00000000080002f0                __aeabi_uldivmod
 .text          0x0000000008000320       0x28 c:/st/stm32cubeide_1.8.0/stm32cubeide/plugins/com.st.stm32cube.ide.mcu.externaltools.gnu-tools-for-stm32.10.3-2021.10.win32_1.0.0.202111181127/tools/bin/../lib/gcc/arm-none-eabi/10.3.1/thumb/v7e-m+dp/hard\libgcc.a(_fixsfdi.o)
                0x0000000008000320                __fixsfdi
                0x0000000008000320                __aeabi_f2lz
 .text          0x0000000008000348       0x40 c:/st/stm32cubeide_1.8.0/stm32cubeide/plugins/com.st.stm32cube.ide.mcu.externaltools.gnu-tools-for-stm32.10.3-2021.10.win32_1.0.0.202111181127/tools/bin/../lib/gcc/arm-none-eabi/10.3.1/thumb/v7e-m+dp/hard\libgcc.a(_fixunssfdi.o)
                0x0000000008000348                __fixunssfdi
                0x0000000008000348                __aeabi_f2ulz
 .text          0x0000000008000388      0x2d0 c:/st/stm32cubeide_1.8.0/stm32cubeide/plugins/com.st.stm32cube.ide.mcu.externaltools.gnu-tools-for-stm32.10.3-2021.10.win32_1.0.0.202111181127/tools/bin/../lib/gcc/arm-none-eabi/10.3.1/thumb/v7e-m+dp/hard\libgcc.a(_udivmoddi4.o)
                0x0000000008000388                __udivmoddi4
 .text          0x0000000008000658        0x4 c:/st/stm32cubeide_1.8.0/stm32cubeide/plugins/com.st.stm32cube.ide.mcu.externaltools.gnu-tools-for-stm32.10.3-2021.10.win32_1.0.0.202111181127/tools/bin/../lib/gcc/arm-none-eabi/10.3.1/thumb/v7e-m+dp/hard\libgcc.a(_dvmd_tls.o)
                0x0000000008000658                __aeabi_idiv0
                0x0000000008000658                __aeabi_ldiv0
 *(.text*)
 .text.W25qxx_Spi
                0x000000000800065c       0x2c ./Core/Inc/w25qxx.o
                0x000000000800065c                W25qxx_Spi
 .text.W25qxx_ReadID
                0x0000000008000688       0x6c ./Core/Inc/w25qxx.o
                0x0000000008000688                W25qxx_ReadID
 .text.W25qxx_ReadUniqID
                0x00000000080006f4       0x6c ./Core/Inc/w25qxx.o
                0x00000000080006f4                W25qxx_ReadUniqID
 .text.W25qxx_WriteEnable
                0x0000000008000760       0x2c ./Core/Inc/w25qxx.o
                0x0000000008000760                W25qxx_WriteEnable
 .text.W25qxx_ReadStatusRegister
                0x000000000800078c       0x8c ./Core/Inc/w25qxx.o
                0x000000000800078c                W25qxx_ReadStatusRegister
 .text.W25qxx_WaitForWriteEnd
                0x0000000008000818       0x54 ./Core/Inc/w25qxx.o
                0x0000000008000818                W25qxx_WaitForWriteEnd
 .text.W25qxx_Init
                0x000000000800086c      0x1bc ./Core/Inc/w25qxx.o
                0x000000000800086c                W25qxx_Init
 .text.W25qxx_EraseBlock
                0x0000000008000a28       0xac ./Core/Inc/w25qxx.o
                0x0000000008000a28                W25qxx_EraseBlock
 .text.W25qxx_BlockToPage
                0x0000000008000ad4       0x2c ./Core/Inc/w25qxx.o
                0x0000000008000ad4                W25qxx_BlockToPage
 .text.W25qxx_WritePage
                0x0000000008000b00      0x100 ./Core/Inc/w25qxx.o
                0x0000000008000b00                W25qxx_WritePage
 .text.W25qxx_WriteBlock
                0x0000000008000c00       0xc4 ./Core/Inc/w25qxx.o
                0x0000000008000c00                W25qxx_WriteBlock
 .text.W25qxx_ReadBytes
                0x0000000008000cc4       0xb0 ./Core/Inc/w25qxx.o
                0x0000000008000cc4                W25qxx_ReadBytes
 .text.MX_CRC_Init
                0x0000000008000d74       0x44 ./Core/Src/crc.o
                0x0000000008000d74                MX_CRC_Init
 .text.HAL_CRC_MspInit
                0x0000000008000db8       0x40 ./Core/Src/crc.o
                0x0000000008000db8                HAL_CRC_MspInit
 .text.MX_DMA_Init
                0x0000000008000df8       0x3c ./Core/Src/dma.o
                0x0000000008000df8                MX_DMA_Init
 .text.MX_GPIO_Init
                0x0000000008000e34      0x138 ./Core/Src/gpio.o
                0x0000000008000e34                MX_GPIO_Init
 .text.SCB_EnableICache
                0x0000000008000f6c       0x4c ./Core/Src/main.o
 .text.SCB_EnableDCache
                0x0000000008000fb8       0x88 ./Core/Src/main.o
 .text.__io_putchar
                0x0000000008001040       0x24 ./Core/Src/main.o
                0x0000000008001040                __io_putchar
 .text.__io_getchar
                0x0000000008001064       0x3c ./Core/Src/main.o
                0x0000000008001064                __io_getchar
 .text.in_func  0x00000000080010a0       0x90 ./Core/Src/main.o
                0x00000000080010a0                in_func
 .text.out_func
                0x0000000008001130       0x86 ./Core/Src/main.o
                0x0000000008001130                out_func
 *fill*         0x00000000080011b6        0x2 
 .text.main     0x00000000080011b8      0xa20 ./Core/Src/main.o
                0x00000000080011b8                main
 .text.SystemClock_Config
                0x0000000008001bd8       0xdc ./Core/Src/main.o
                0x0000000008001bd8                SystemClock_Config
 .text.Error_Handler
                0x0000000008001cb4        0xa ./Core/Src/main.o
                0x0000000008001cb4                Error_Handler
 *fill*         0x0000000008001cbe        0x2 
 .text.MX_QUADSPI_Init
                0x0000000008001cc0       0x58 ./Core/Src/quadspi.o
                0x0000000008001cc0                MX_QUADSPI_Init
 .text.HAL_QSPI_MspInit
                0x0000000008001d18      0x104 ./Core/Src/quadspi.o
                0x0000000008001d18                HAL_QSPI_MspInit
 .text.MX_SPI1_Init
                0x0000000008001e1c       0x7c ./Core/Src/spi.o
                0x0000000008001e1c                MX_SPI1_Init
 .text.MX_SPI3_Init
                0x0000000008001e98       0x70 ./Core/Src/spi.o
                0x0000000008001e98                MX_SPI3_Init
 .text.MX_SPI4_Init
                0x0000000008001f08       0x7c ./Core/Src/spi.o
                0x0000000008001f08                MX_SPI4_Init
 .text.HAL_SPI_MspInit
                0x0000000008001f84      0x18c ./Core/Src/spi.o
                0x0000000008001f84                HAL_SPI_MspInit
 .text.HAL_MspInit
                0x0000000008002110       0x48 ./Core/Src/stm32f7xx_hal_msp.o
                0x0000000008002110                HAL_MspInit
 .text.NMI_Handler
                0x0000000008002158        0x6 ./Core/Src/stm32f7xx_it.o
                0x0000000008002158                NMI_Handler
 .text.HardFault_Handler
                0x000000000800215e        0x6 ./Core/Src/stm32f7xx_it.o
                0x000000000800215e                HardFault_Handler
 .text.MemManage_Handler
                0x0000000008002164        0x6 ./Core/Src/stm32f7xx_it.o
                0x0000000008002164                MemManage_Handler
 .text.BusFault_Handler
                0x000000000800216a        0x6 ./Core/Src/stm32f7xx_it.o
                0x000000000800216a                BusFault_Handler
 .text.UsageFault_Handler
                0x0000000008002170        0x6 ./Core/Src/stm32f7xx_it.o
                0x0000000008002170                UsageFault_Handler
 .text.SVC_Handler
                0x0000000008002176        0xe ./Core/Src/stm32f7xx_it.o
                0x0000000008002176                SVC_Handler
 .text.DebugMon_Handler
                0x0000000008002184        0xe ./Core/Src/stm32f7xx_it.o
                0x0000000008002184                DebugMon_Handler
 .text.PendSV_Handler
                0x0000000008002192        0xe ./Core/Src/stm32f7xx_it.o
                0x0000000008002192                PendSV_Handler
 .text.SysTick_Handler
                0x00000000080021a0        0xc ./Core/Src/stm32f7xx_it.o
                0x00000000080021a0                SysTick_Handler
 .text.USART1_IRQHandler
                0x00000000080021ac       0x14 ./Core/Src/stm32f7xx_it.o
                0x00000000080021ac                USART1_IRQHandler
 .text.DMA2_Stream5_IRQHandler
                0x00000000080021c0       0x14 ./Core/Src/stm32f7xx_it.o
                0x00000000080021c0                DMA2_Stream5_IRQHandler
 .text._getpid  0x00000000080021d4       0x10 ./Core/Src/syscalls.o
                0x00000000080021d4                _getpid
 .text._kill    0x00000000080021e4       0x20 ./Core/Src/syscalls.o
                0x00000000080021e4                _kill
 .text._exit    0x0000000008002204       0x14 ./Core/Src/syscalls.o
                0x0000000008002204                _exit
 .text._read    0x0000000008002218       0x3a ./Core/Src/syscalls.o
                0x0000000008002218                _read
 .text._write   0x0000000008002252       0x38 ./Core/Src/syscalls.o
                0x0000000008002252                _write
 .text._close   0x000000000800228a       0x18 ./Core/Src/syscalls.o
                0x000000000800228a                _close
 .text._fstat   0x00000000080022a2       0x20 ./Core/Src/syscalls.o
                0x00000000080022a2                _fstat
 .text._isatty  0x00000000080022c2       0x16 ./Core/Src/syscalls.o
                0x00000000080022c2                _isatty
 .text._lseek   0x00000000080022d8       0x1a ./Core/Src/syscalls.o
                0x00000000080022d8                _lseek
 *fill*         0x00000000080022f2        0x2 
 .text._sbrk    0x00000000080022f4       0x6c ./Core/Src/sysmem.o
                0x00000000080022f4                _sbrk
 .text.SystemInit
                0x0000000008002360       0x24 ./Core/Src/system_stm32f7xx.o
                0x0000000008002360                SystemInit
 .text.MX_TIM13_Init
                0x0000000008002384       0x48 ./Core/Src/tim.o
                0x0000000008002384                MX_TIM13_Init
 .text.MX_TIM14_Init
                0x00000000080023cc       0x48 ./Core/Src/tim.o
                0x00000000080023cc                MX_TIM14_Init
 .text.HAL_TIM_Base_MspInit
                0x0000000008002414       0x68 ./Core/Src/tim.o
                0x0000000008002414                HAL_TIM_Base_MspInit
 .text.MX_USART1_UART_Init
                0x000000000800247c       0x60 ./Core/Src/usart.o
                0x000000000800247c                MX_USART1_UART_Init
 .text.MX_USART2_UART_Init
                0x00000000080024dc       0x60 ./Core/Src/usart.o
                0x00000000080024dc                MX_USART2_UART_Init
 .text.HAL_UART_MspInit
                0x000000000800253c      0x1b8 ./Core/Src/usart.o
                0x000000000800253c                HAL_UART_MspInit
 .text.Reset_Handler
                0x00000000080026f4       0x50 ./Core/Startup/startup_stm32f767bitx.o
                0x00000000080026f4                Reset_Handler
 .text.Default_Handler
                0x0000000008002744        0x2 ./Core/Startup/startup_stm32f767bitx.o
                0x0000000008002744                RTC_Alarm_IRQHandler
                0x0000000008002744                EXTI2_IRQHandler
                0x0000000008002744                TIM8_CC_IRQHandler
                0x0000000008002744                UART8_IRQHandler
                0x0000000008002744                SPI4_IRQHandler
                0x0000000008002744                TIM1_CC_IRQHandler
                0x0000000008002744                JPEG_IRQHandler
                0x0000000008002744                DMA1_Stream5_IRQHandler
                0x0000000008002744                CAN3_RX1_IRQHandler
                0x0000000008002744                PVD_IRQHandler
                0x0000000008002744                TAMP_STAMP_IRQHandler
                0x0000000008002744                CAN2_RX1_IRQHandler
                0x0000000008002744                EXTI3_IRQHandler
                0x0000000008002744                TIM8_TRG_COM_TIM14_IRQHandler
                0x0000000008002744                DFSDM1_FLT1_IRQHandler
                0x0000000008002744                TIM1_UP_TIM10_IRQHandler
                0x0000000008002744                TIM8_UP_TIM13_IRQHandler
                0x0000000008002744                I2C3_ER_IRQHandler
                0x0000000008002744                DFSDM1_FLT2_IRQHandler
                0x0000000008002744                EXTI0_IRQHandler
                0x0000000008002744                I2C2_EV_IRQHandler
                0x0000000008002744                DMA1_Stream2_IRQHandler
                0x0000000008002744                CAN1_RX0_IRQHandler
                0x0000000008002744                FPU_IRQHandler
                0x0000000008002744                OTG_HS_WKUP_IRQHandler
                0x0000000008002744                CAN3_SCE_IRQHandler
                0x0000000008002744                LTDC_ER_IRQHandler
                0x0000000008002744                CAN2_SCE_IRQHandler
                0x0000000008002744                DMA2_Stream2_IRQHandler
                0x0000000008002744                SPI1_IRQHandler
                0x0000000008002744                TIM6_DAC_IRQHandler
                0x0000000008002744                TIM1_BRK_TIM9_IRQHandler
                0x0000000008002744                DCMI_IRQHandler
                0x0000000008002744                CAN2_RX0_IRQHandler
                0x0000000008002744                DMA2_Stream3_IRQHandler
                0x0000000008002744                SAI2_IRQHandler
                0x0000000008002744                DFSDM1_FLT3_IRQHandler
                0x0000000008002744                USART6_IRQHandler
                0x0000000008002744                CAN3_RX0_IRQHandler
                0x0000000008002744                USART3_IRQHandler
                0x0000000008002744                CAN1_RX1_IRQHandler
                0x0000000008002744                UART5_IRQHandler
                0x0000000008002744                DMA2_Stream0_IRQHandler
                0x0000000008002744                TIM4_IRQHandler
                0x0000000008002744                QUADSPI_IRQHandler
                0x0000000008002744                I2C1_EV_IRQHandler
                0x0000000008002744                DMA1_Stream6_IRQHandler
                0x0000000008002744                DMA1_Stream1_IRQHandler
                0x0000000008002744                UART4_IRQHandler
                0x0000000008002744                TIM3_IRQHandler
                0x0000000008002744                RCC_IRQHandler
                0x0000000008002744                TIM8_BRK_TIM12_IRQHandler
                0x0000000008002744                Default_Handler
                0x0000000008002744                CEC_IRQHandler
                0x0000000008002744                EXTI15_10_IRQHandler
                0x0000000008002744                ADC_IRQHandler
                0x0000000008002744                DMA1_Stream7_IRQHandler
                0x0000000008002744                SPI5_IRQHandler
                0x0000000008002744                TIM7_IRQHandler
                0x0000000008002744                SDMMC1_IRQHandler
                0x0000000008002744                CAN2_TX_IRQHandler
                0x0000000008002744                TIM5_IRQHandler
                0x0000000008002744                DMA2_Stream7_IRQHandler
                0x0000000008002744                I2C3_EV_IRQHandler
                0x0000000008002744                EXTI9_5_IRQHandler
                0x0000000008002744                RTC_WKUP_IRQHandler
                0x0000000008002744                LTDC_IRQHandler
                0x0000000008002744                ETH_WKUP_IRQHandler
                0x0000000008002744                SPDIF_RX_IRQHandler
                0x0000000008002744                SPI2_IRQHandler
                0x0000000008002744                OTG_HS_EP1_IN_IRQHandler
                0x0000000008002744                DMA1_Stream0_IRQHandler
                0x0000000008002744                CAN1_TX_IRQHandler
                0x0000000008002744                EXTI4_IRQHandler
                0x0000000008002744                RNG_IRQHandler
                0x0000000008002744                ETH_IRQHandler
                0x0000000008002744                OTG_HS_EP1_OUT_IRQHandler
                0x0000000008002744                WWDG_IRQHandler
                0x0000000008002744                SPI6_IRQHandler
                0x0000000008002744                MDIOS_IRQHandler
                0x0000000008002744                I2C4_EV_IRQHandler
                0x0000000008002744                CAN3_TX_IRQHandler
                0x0000000008002744                TIM2_IRQHandler
                0x0000000008002744                OTG_FS_WKUP_IRQHandler
                0x0000000008002744                TIM1_TRG_COM_TIM11_IRQHandler
                0x0000000008002744                OTG_HS_IRQHandler
                0x0000000008002744                DMA2D_IRQHandler
                0x0000000008002744                EXTI1_IRQHandler
                0x0000000008002744                SDMMC2_IRQHandler
                0x0000000008002744                UART7_IRQHandler
                0x0000000008002744                USART2_IRQHandler
                0x0000000008002744                DFSDM1_FLT0_IRQHandler
                0x0000000008002744                I2C2_ER_IRQHandler
                0x0000000008002744                DMA2_Stream1_IRQHandler
                0x0000000008002744                CAN1_SCE_IRQHandler
                0x0000000008002744                FLASH_IRQHandler
                0x0000000008002744                DMA2_Stream4_IRQHandler
                0x0000000008002744                OTG_FS_IRQHandler
                0x0000000008002744                SPI3_IRQHandler
                0x0000000008002744                DMA1_Stream4_IRQHandler
                0x0000000008002744                I2C1_ER_IRQHandler
                0x0000000008002744                FMC_IRQHandler
                0x0000000008002744                LPTIM1_IRQHandler
                0x0000000008002744                I2C4_ER_IRQHandler
                0x0000000008002744                DMA2_Stream6_IRQHandler
                0x0000000008002744                SAI1_IRQHandler
                0x0000000008002744                DMA1_Stream3_IRQHandler
 .text.alloc_pool
                0x0000000008002746       0x58 ./Core/tjpg/tjpgd.o
 *fill*         0x000000000800279e        0x2 
 .text.create_qt_tbl
                0x00000000080027a0       0xb8 ./Core/tjpg/tjpgd.o
 .text.create_huffman_tbl
                0x0000000008002858      0x1aa ./Core/tjpg/tjpgd.o
 .text.bitext   0x0000000008002a02       0xe6 ./Core/tjpg/tjpgd.o
 .text.huffext  0x0000000008002ae8      0x13e ./Core/tjpg/tjpgd.o
 *fill*         0x0000000008002c26        0x2 
 .text.block_idct
                0x0000000008002c28      0x3a4 ./Core/tjpg/tjpgd.o
 .text.mcu_load
                0x0000000008002fcc      0x284 ./Core/tjpg/tjpgd.o
 .text.mcu_output
                0x0000000008003250      0x69c ./Core/tjpg/tjpgd.o
 .text.restart  0x00000000080038ec       0xce ./Core/tjpg/tjpgd.o
 *fill*         0x00000000080039ba        0x2 
 .text.jd_prepare
                0x00000000080039bc      0x56c ./Core/tjpg/tjpgd.o
                0x00000000080039bc                jd_prepare
 .text.jd_decomp
                0x0000000008003f28       0xf6 ./Core/tjpg/tjpgd.o
                0x0000000008003f28                jd_decomp
 .text.HAL_Init
                0x000000000800401e       0x1a ./Drivers/STM32F7xx_HAL_Driver/Src/stm32f7xx_hal.o
                0x000000000800401e                HAL_Init
 .text.HAL_InitTick
                0x0000000008004038       0x60 ./Drivers/STM32F7xx_HAL_Driver/Src/stm32f7xx_hal.o
                0x0000000008004038                HAL_InitTick
 .text.HAL_IncTick
                0x0000000008004098       0x28 ./Drivers/STM32F7xx_HAL_Driver/Src/stm32f7xx_hal.o
                0x0000000008004098                HAL_IncTick
 .text.HAL_GetTick
                0x00000000080040c0       0x18 ./Drivers/STM32F7xx_HAL_Driver/Src/stm32f7xx_hal.o
                0x00000000080040c0                HAL_GetTick
 .text.HAL_Delay
                0x00000000080040d8       0x48 ./Drivers/STM32F7xx_HAL_Driver/Src/stm32f7xx_hal.o
                0x00000000080040d8                HAL_Delay
 .text.__NVIC_SetPriorityGrouping
                0x0000000008004120       0x48 ./Drivers/STM32F7xx_HAL_Driver/Src/stm32f7xx_hal_cortex.o
 .text.__NVIC_GetPriorityGrouping
                0x0000000008004168       0x1c ./Drivers/STM32F7xx_HAL_Driver/Src/stm32f7xx_hal_cortex.o
 .text.__NVIC_EnableIRQ
                0x0000000008004184       0x3c ./Drivers/STM32F7xx_HAL_Driver/Src/stm32f7xx_hal_cortex.o
 .text.__NVIC_SetPriority
                0x00000000080041c0       0x54 ./Drivers/STM32F7xx_HAL_Driver/Src/stm32f7xx_hal_cortex.o
 .text.NVIC_EncodePriority
                0x0000000008004214       0x66 ./Drivers/STM32F7xx_HAL_Driver/Src/stm32f7xx_hal_cortex.o
 *fill*         0x000000000800427a        0x2 
 .text.SysTick_Config
                0x000000000800427c       0x44 ./Drivers/STM32F7xx_HAL_Driver/Src/stm32f7xx_hal_cortex.o
 .text.HAL_NVIC_SetPriorityGrouping
                0x00000000080042c0       0x16 ./Drivers/STM32F7xx_HAL_Driver/Src/stm32f7xx_hal_cortex.o
                0x00000000080042c0                HAL_NVIC_SetPriorityGrouping
 .text.HAL_NVIC_SetPriority
                0x00000000080042d6       0x38 ./Drivers/STM32F7xx_HAL_Driver/Src/stm32f7xx_hal_cortex.o
                0x00000000080042d6                HAL_NVIC_SetPriority
 .text.HAL_NVIC_EnableIRQ
                0x000000000800430e       0x1c ./Drivers/STM32F7xx_HAL_Driver/Src/stm32f7xx_hal_cortex.o
                0x000000000800430e                HAL_NVIC_EnableIRQ
 .text.HAL_SYSTICK_Config
                0x000000000800432a       0x18 ./Drivers/STM32F7xx_HAL_Driver/Src/stm32f7xx_hal_cortex.o
                0x000000000800432a                HAL_SYSTICK_Config
 *fill*         0x0000000008004342        0x2 
 .text.HAL_CRC_Init
                0x0000000008004344       0xc8 ./Drivers/STM32F7xx_HAL_Driver/Src/stm32f7xx_hal_crc.o
                0x0000000008004344                HAL_CRC_Init
 .text.HAL_CRCEx_Polynomial_Set
                0x000000000800440c      0x10c ./Drivers/STM32F7xx_HAL_Driver/Src/stm32f7xx_hal_crc_ex.o
                0x000000000800440c                HAL_CRCEx_Polynomial_Set
 .text.HAL_DMA_Init
                0x0000000008004518      0x15c ./Drivers/STM32F7xx_HAL_Driver/Src/stm32f7xx_hal_dma.o
                0x0000000008004518                HAL_DMA_Init
 .text.HAL_DMA_Abort
                0x0000000008004674       0xe0 ./Drivers/STM32F7xx_HAL_Driver/Src/stm32f7xx_hal_dma.o
                0x0000000008004674                HAL_DMA_Abort
 .text.HAL_DMA_Abort_IT
                0x0000000008004754       0x44 ./Drivers/STM32F7xx_HAL_Driver/Src/stm32f7xx_hal_dma.o
                0x0000000008004754                HAL_DMA_Abort_IT
 .text.HAL_DMA_IRQHandler
                0x0000000008004798      0x314 ./Drivers/STM32F7xx_HAL_Driver/Src/stm32f7xx_hal_dma.o
                0x0000000008004798                HAL_DMA_IRQHandler
 .text.DMA_CalcBaseAndBitshift
                0x0000000008004aac       0x6c ./Drivers/STM32F7xx_HAL_Driver/Src/stm32f7xx_hal_dma.o
 .text.DMA_CheckFifoParam
                0x0000000008004b18       0xf8 ./Drivers/STM32F7xx_HAL_Driver/Src/stm32f7xx_hal_dma.o
 .text.HAL_GPIO_Init
                0x0000000008004c10      0x358 ./Drivers/STM32F7xx_HAL_Driver/Src/stm32f7xx_hal_gpio.o
                0x0000000008004c10                HAL_GPIO_Init
 .text.HAL_GPIO_WritePin
                0x0000000008004f68       0x32 ./Drivers/STM32F7xx_HAL_Driver/Src/stm32f7xx_hal_gpio.o
                0x0000000008004f68                HAL_GPIO_WritePin
 *fill*         0x0000000008004f9a        0x2 
 .text.HAL_PWREx_EnableOverDrive
                0x0000000008004f9c       0xa0 ./Drivers/STM32F7xx_HAL_Driver/Src/stm32f7xx_hal_pwr_ex.o
                0x0000000008004f9c                HAL_PWREx_EnableOverDrive
 .text.HAL_QSPI_Init
                0x000000000800503c       0xf8 ./Drivers/STM32F7xx_HAL_Driver/Src/stm32f7xx_hal_qspi.o
                0x000000000800503c                HAL_QSPI_Init
 .text.HAL_QSPI_SetTimeout
                0x0000000008005134       0x1c ./Drivers/STM32F7xx_HAL_Driver/Src/stm32f7xx_hal_qspi.o
                0x0000000008005134                HAL_QSPI_SetTimeout
 .text.QSPI_WaitFlagStateUntilTimeout
                0x0000000008005150       0x6e ./Drivers/STM32F7xx_HAL_Driver/Src/stm32f7xx_hal_qspi.o
 *fill*         0x00000000080051be        0x2 
 .text.HAL_RCC_OscConfig
                0x00000000080051c0      0x55c ./Drivers/STM32F7xx_HAL_Driver/Src/stm32f7xx_hal_rcc.o
                0x00000000080051c0                HAL_RCC_OscConfig
 .text.HAL_RCC_ClockConfig
                0x000000000800571c      0x1d8 ./Drivers/STM32F7xx_HAL_Driver/Src/stm32f7xx_hal_rcc.o
                0x000000000800571c                HAL_RCC_ClockConfig
 .text.HAL_RCC_GetSysClockFreq
                0x00000000080058f4      0x20c ./Drivers/STM32F7xx_HAL_Driver/Src/stm32f7xx_hal_rcc.o
                0x00000000080058f4                HAL_RCC_GetSysClockFreq
 .text.HAL_RCC_GetHCLKFreq
                0x0000000008005b00       0x18 ./Drivers/STM32F7xx_HAL_Driver/Src/stm32f7xx_hal_rcc.o
                0x0000000008005b00                HAL_RCC_GetHCLKFreq
 .text.HAL_RCC_GetPCLK1Freq
                0x0000000008005b18       0x28 ./Drivers/STM32F7xx_HAL_Driver/Src/stm32f7xx_hal_rcc.o
                0x0000000008005b18                HAL_RCC_GetPCLK1Freq
 .text.HAL_RCC_GetPCLK2Freq
                0x0000000008005b40       0x28 ./Drivers/STM32F7xx_HAL_Driver/Src/stm32f7xx_hal_rcc.o
                0x0000000008005b40                HAL_RCC_GetPCLK2Freq
 .text.HAL_RCCEx_PeriphCLKConfig
                0x0000000008005b68      0x850 ./Drivers/STM32F7xx_HAL_Driver/Src/stm32f7xx_hal_rcc_ex.o
                0x0000000008005b68                HAL_RCCEx_PeriphCLKConfig
 .text.HAL_SPI_Init
                0x00000000080063b8      0x156 ./Drivers/STM32F7xx_HAL_Driver/Src/stm32f7xx_hal_spi.o
                0x00000000080063b8                HAL_SPI_Init
 .text.HAL_SPI_Transmit
                0x000000000800650e      0x2dc ./Drivers/STM32F7xx_HAL_Driver/Src/stm32f7xx_hal_spi.o
                0x000000000800650e                HAL_SPI_Transmit
 .text.HAL_SPI_Receive
                0x00000000080067ea      0x260 ./Drivers/STM32F7xx_HAL_Driver/Src/stm32f7xx_hal_spi.o
                0x00000000080067ea                HAL_SPI_Receive
 .text.HAL_SPI_TransmitReceive
                0x0000000008006a4a      0x426 ./Drivers/STM32F7xx_HAL_Driver/Src/stm32f7xx_hal_spi.o
                0x0000000008006a4a                HAL_SPI_TransmitReceive
 .text.SPI_WaitFlagStateUntilTimeout
                0x0000000008006e70      0x110 ./Drivers/STM32F7xx_HAL_Driver/Src/stm32f7xx_hal_spi.o
 .text.SPI_WaitFifoStateUntilTimeout
                0x0000000008006f80      0x12c ./Drivers/STM32F7xx_HAL_Driver/Src/stm32f7xx_hal_spi.o
 .text.SPI_EndRxTransaction
                0x00000000080070ac       0xf8 ./Drivers/STM32F7xx_HAL_Driver/Src/stm32f7xx_hal_spi.o
 .text.SPI_EndRxTxTransaction
                0x00000000080071a4       0xd4 ./Drivers/STM32F7xx_HAL_Driver/Src/stm32f7xx_hal_spi.o
 .text.HAL_TIM_Base_Init
                0x0000000008007278       0xae ./Drivers/STM32F7xx_HAL_Driver/Src/stm32f7xx_hal_tim.o
                0x0000000008007278                HAL_TIM_Base_Init
 *fill*         0x0000000008007326        0x2 
 .text.TIM_Base_SetConfig
                0x0000000008007328      0x140 ./Drivers/STM32F7xx_HAL_Driver/Src/stm32f7xx_hal_tim.o
                0x0000000008007328                TIM_Base_SetConfig
 .text.HAL_UART_Init
                0x0000000008007468       0x9c ./Drivers/STM32F7xx_HAL_Driver/Src/stm32f7xx_hal_uart.o
                0x0000000008007468                HAL_UART_Init
 .text.HAL_UART_Transmit
                0x0000000008007504      0x106 ./Drivers/STM32F7xx_HAL_Driver/Src/stm32f7xx_hal_uart.o
                0x0000000008007504                HAL_UART_Transmit
 .text.HAL_UART_Receive
                0x000000000800760a      0x188 ./Drivers/STM32F7xx_HAL_Driver/Src/stm32f7xx_hal_uart.o
                0x000000000800760a                HAL_UART_Receive
 *fill*         0x0000000008007792        0x2 
 .text.HAL_UART_IRQHandler
                0x0000000008007794      0x5d0 ./Drivers/STM32F7xx_HAL_Driver/Src/stm32f7xx_hal_uart.o
                0x0000000008007794                HAL_UART_IRQHandler
 .text.HAL_UART_TxCpltCallback
                0x0000000008007d64       0x14 ./Drivers/STM32F7xx_HAL_Driver/Src/stm32f7xx_hal_uart.o
                0x0000000008007d64                HAL_UART_TxCpltCallback
 .text.HAL_UART_ErrorCallback
                0x0000000008007d78       0x14 ./Drivers/STM32F7xx_HAL_Driver/Src/stm32f7xx_hal_uart.o
                0x0000000008007d78                HAL_UART_ErrorCallback
 .text.HAL_UARTEx_RxEventCallback
                0x0000000008007d8c       0x18 ./Drivers/STM32F7xx_HAL_Driver/Src/stm32f7xx_hal_uart.o
                0x0000000008007d8c                HAL_UARTEx_RxEventCallback
 .text.HAL_UARTEx_WakeupCallback
                0x0000000008007da4       0x14 ./Drivers/STM32F7xx_HAL_Driver/Src/stm32f7xx_hal_uart.o
                0x0000000008007da4                HAL_UARTEx_WakeupCallback
 .text.UART_SetConfig
                0x0000000008007db8      0x4c8 ./Drivers/STM32F7xx_HAL_Driver/Src/stm32f7xx_hal_uart.o
                0x0000000008007db8                UART_SetConfig
 .text.UART_AdvFeatureConfig
                0x0000000008008280      0x144 ./Drivers/STM32F7xx_HAL_Driver/Src/stm32f7xx_hal_uart.o
                0x0000000008008280                UART_AdvFeatureConfig
 .text.UART_CheckIdleState
                0x00000000080083c4       0x9a ./Drivers/STM32F7xx_HAL_Driver/Src/stm32f7xx_hal_uart.o
                0x00000000080083c4                UART_CheckIdleState
 .text.UART_WaitOnFlagUntilTimeout
                0x000000000800845e      0x18c ./Drivers/STM32F7xx_HAL_Driver/Src/stm32f7xx_hal_uart.o
                0x000000000800845e                UART_WaitOnFlagUntilTimeout
 .text.UART_EndRxTransfer
                0x00000000080085ea       0xc8 ./Drivers/STM32F7xx_HAL_Driver/Src/stm32f7xx_hal_uart.o
 .text.UART_DMAAbortOnError
                0x00000000080086b2       0x2c ./Drivers/STM32F7xx_HAL_Driver/Src/stm32f7xx_hal_uart.o
 .text.UART_EndTransmit_IT
                0x00000000080086de       0x54 ./Drivers/STM32F7xx_HAL_Driver/Src/stm32f7xx_hal_uart.o
 *fill*         0x0000000008008732        0x2 
 .text.network_configure_activations
                0x0000000008008734       0xf8 ./X-CUBE-AI/App/network.o
 .text.network_configure_weights
                0x000000000800882c       0x9c ./X-CUBE-AI/App/network.o
 .text.ai_network_create
                0x00000000080088c8       0x2c ./X-CUBE-AI/App/network.o
                0x00000000080088c8                ai_network_create
 .text.ai_network_init
                0x00000000080088f4       0x7e ./X-CUBE-AI/App/network.o
                0x00000000080088f4                ai_network_init
 *fill*         0x0000000008008972        0x2 
 .text.ai_network_data_weights_get
                0x0000000008008974       0x14 ./X-CUBE-AI/App/network_data.o
                0x0000000008008974                ai_network_data_weights_get
 .text.sine_model_configure_activations
                0x0000000008008988       0x88 ./X-CUBE-AI/App/sine_model.o
 .text.sine_model_configure_weights
                0x0000000008008a10       0xe8 ./X-CUBE-AI/App/sine_model.o
 .text.ai_sine_model_create
                0x0000000008008af8       0x2c ./X-CUBE-AI/App/sine_model.o
                0x0000000008008af8                ai_sine_model_create
 .text.ai_sine_model_init
                0x0000000008008b24       0x7e ./X-CUBE-AI/App/sine_model.o
                0x0000000008008b24                ai_sine_model_init
 .text.ai_sine_model_run
                0x0000000008008ba2       0x20 ./X-CUBE-AI/App/sine_model.o
                0x0000000008008ba2                ai_sine_model_run
 *fill*         0x0000000008008bc2        0x2 
 .text.ai_sine_model_data_weights_get
                0x0000000008008bc4       0x14 ./X-CUBE-AI/App/sine_model_data.o
                0x0000000008008bc4                ai_sine_model_data_weights_get
 .text.ai_platform_network_create
                0x0000000008008bd8      0x108 ../Middlewares/ST/AI/Lib\NetworkRuntime512_CM7_GCC.a(ai_platform_interface.o)
                0x0000000008008bd8                ai_platform_network_create
 .text.ai_platform_network_init
                0x0000000008008ce0      0x1d0 ../Middlewares/ST/AI/Lib\NetworkRuntime512_CM7_GCC.a(ai_platform_interface.o)
                0x0000000008008ce0                ai_platform_network_init
 .text.ai_platform_network_post_init
                0x0000000008008eb0      0x158 ../Middlewares/ST/AI/Lib\NetworkRuntime512_CM7_GCC.a(ai_platform_interface.o)
                0x0000000008008eb0                ai_platform_network_post_init
 .text.ai_platform_network_process
                0x0000000008009008      0x560 ../Middlewares/ST/AI/Lib\NetworkRuntime512_CM7_GCC.a(ai_platform_interface.o)
                0x0000000008009008                ai_platform_network_process
 .text.node_convert
                0x0000000008009568      0x29c ../Middlewares/ST/AI/Lib\NetworkRuntime512_CM7_GCC.a(core_convert.o)
                0x0000000008009568                node_convert
 .text.node_convert_integer
                0x0000000008009804      0x428 ../Middlewares/ST/AI/Lib\NetworkRuntime512_CM7_GCC.a(core_convert.o)
                0x0000000008009804                node_convert_integer
 .text.core_init
                0x0000000008009c2c        0x4 ../Middlewares/ST/AI/Lib\NetworkRuntime512_CM7_GCC.a(core_common.o)
                0x0000000008009c2c                core_init
 .text.core_set_error
                0x0000000008009c30       0x18 ../Middlewares/ST/AI/Lib\NetworkRuntime512_CM7_GCC.a(core_common.o)
                0x0000000008009c30                core_set_error
 .text.ai_dict8_dot_array_f32
                0x0000000008009c48      0x460 ../Middlewares/ST/AI/Lib\NetworkRuntime512_CM7_GCC.a(layers_conv2d_generic_float.o)
                0x0000000008009c48                ai_dict8_dot_array_f32
 .text.ai_dict4_dot_array_f32
                0x000000000800a0a8      0x17c ../Middlewares/ST/AI/Lib\NetworkRuntime512_CM7_GCC.a(layers_conv2d_generic_float.o)
                0x000000000800a0a8                ai_dict4_dot_array_f32
 .text.forward_dense
                0x000000000800a224      0x44c ../Middlewares/ST/AI/Lib\NetworkRuntime512_CM7_GCC.a(layers_conv2d_generic_float.o)
                0x000000000800a224                forward_dense
 .text.func_dummy
                0x000000000800a670        0x4 ../Middlewares/ST/AI/Lib\NetworkRuntime512_CM7_GCC.a(layers_conv2d_stm32_integer.o)
 .text.forward_conv2d_nl_pool_integer_SSSA_ch
                0x000000000800a674      0x678 ../Middlewares/ST/AI/Lib\NetworkRuntime512_CM7_GCC.a(layers_conv2d_stm32_integer.o)
                0x000000000800a674                forward_conv2d_nl_pool_integer_SSSA_ch
 .text.forward_dense_integer_SSSA
                0x000000000800acec      0x230 ../Middlewares/ST/AI/Lib\NetworkRuntime512_CM7_GCC.a(layers_conv2d_stm32_integer.o)
                0x000000000800acec                forward_dense_integer_SSSA
 .text.nl_func_relu_generic_array_f32
                0x000000000800af1c       0xf0 ../Middlewares/ST/AI/Lib\NetworkRuntime512_CM7_GCC.a(layers_nl_generic_float.o)
                0x000000000800af1c                nl_func_relu_generic_array_f32
 .text.forward_relu
                0x000000000800b00c      0x110 ../Middlewares/ST/AI/Lib\NetworkRuntime512_CM7_GCC.a(layers_nl_generic_float.o)
                0x000000000800b00c                forward_relu
 .text.forward_sm
                0x000000000800b11c      0x124 ../Middlewares/ST/AI/Lib\NetworkRuntime512_CM7_GCC.a(layers_nl_generic_float.o)
                0x000000000800b11c                forward_sm
 .text.nl_func_clip_array_integer
                0x000000000800b240       0x5c ../Middlewares/ST/AI/Lib\NetworkRuntime512_CM7_GCC.a(layers_nl_stm32_integer.o)
                0x000000000800b240                nl_func_clip_array_integer
 .text.ai_check_custom_types
                0x000000000800b29c       0x54 ../Middlewares/ST/AI/Lib\NetworkRuntime512_CM7_GCC.a(layers.o)
                0x000000000800b29c                ai_check_custom_types
 .text.ai_layers_forward_all
                0x000000000800b2f0       0x74 ../Middlewares/ST/AI/Lib\NetworkRuntime512_CM7_GCC.a(layers.o)
                0x000000000800b2f0                ai_layers_forward_all
 .text.pool_func_ap_array_integer_INT8
                0x000000000800b364      0x160 ../Middlewares/ST/AI/Lib\NetworkRuntime512_CM7_GCC.a(layers_pool_stm32_integer.o)
                0x000000000800b364                pool_func_ap_array_integer_INT8
 .text.arm_float_to_q15
                0x000000000800b4c4      0x174 ../Middlewares/ST/AI/Lib\NetworkRuntime512_CM7_GCC.a(arm_float_to_q15.o)
                0x000000000800b4c4                arm_float_to_q15
 .text.arm_float_to_q7
                0x000000000800b638      0x190 ../Middlewares/ST/AI/Lib\NetworkRuntime512_CM7_GCC.a(arm_float_to_q7.o)
                0x000000000800b638                arm_float_to_q7
 .text.arm_q15_to_float
                0x000000000800b7c8       0xd0 ../Middlewares/ST/AI/Lib\NetworkRuntime512_CM7_GCC.a(arm_q15_to_float.o)
                0x000000000800b7c8                arm_q15_to_float
 .text.arm_q7_to_float
                0x000000000800b898       0xcc ../Middlewares/ST/AI/Lib\NetworkRuntime512_CM7_GCC.a(arm_q7_to_float.o)
                0x000000000800b898                arm_q7_to_float
 .text.align_factor
                0x000000000800b964       0x80 ../Middlewares/ST/AI/Lib\NetworkRuntime512_CM7_GCC.a(st_convolve_reference.o)
                0x000000000800b964                align_factor
 .text.align_factor_ch
                0x000000000800b9e4       0xb8 ../Middlewares/ST/AI/Lib\NetworkRuntime512_CM7_GCC.a(st_convolve_reference.o)
                0x000000000800b9e4                align_factor_ch
 .text.st_sssa8_ch_conv_dw_Wadapt
                0x000000000800ba9c      0x16c ../Middlewares/ST/AI/Lib\NetworkRuntime512_CM7_GCC.a(st_sssa8_ch_convolve_dw.o)
                0x000000000800ba9c                st_sssa8_ch_conv_dw_Wadapt
 .text.st_sssa8_ch_convolve_dw
                0x000000000800bc08      0xa10 ../Middlewares/ST/AI/Lib\NetworkRuntime512_CM7_GCC.a(st_sssa8_ch_convolve_dw.o)
                0x000000000800bc08                st_sssa8_ch_convolve_dw
 .text.st_sssa8_ch_convolve_rank1upd
                0x000000000800c618      0x110 ../Middlewares/ST/AI/Lib\NetworkRuntime512_CM7_GCC.a(st_sssa8_ch_convolve.o)
                0x000000000800c618                st_sssa8_ch_convolve_rank1upd
 .text.st_sssa8_ch_convolve
                0x000000000800c728      0x45c ../Middlewares/ST/AI/Lib\NetworkRuntime512_CM7_GCC.a(st_sssa8_ch_convolve.o)
                0x000000000800c728                st_sssa8_ch_convolve
 .text.st_sssa8_ch_convolve_1x1
                0x000000000800cb84       0xe4 ../Middlewares/ST/AI/Lib\NetworkRuntime512_CM7_GCC.a(st_sssa8_ch_convolve_1x1.o)
                0x000000000800cb84                st_sssa8_ch_convolve_1x1
 .text.st_sssa8_fully_connected
                0x000000000800cc68      0x54c ../Middlewares/ST/AI/Lib\NetworkRuntime512_CM7_GCC.a(st_sssa8_dense.o)
                0x000000000800cc68                st_sssa8_fully_connected
 .text.ai_padding_opt_init
                0x000000000800d1b4       0xb4 ../Middlewares/ST/AI/Lib\NetworkRuntime512_CM7_GCC.a(st_padding_opt.o)
                0x000000000800d1b4                ai_padding_opt_init
 .text.ai_padding_opt_phase1
                0x000000000800d268       0x38 ../Middlewares/ST/AI/Lib\NetworkRuntime512_CM7_GCC.a(st_padding_opt.o)
                0x000000000800d268                ai_padding_opt_phase1
 .text.st_uint8_fill
                0x000000000800d2a0       0x3c ../Middlewares/ST/AI/Lib\NetworkRuntime512_CM7_GCC.a(st_uint8_fill.o)
                0x000000000800d2a0                st_uint8_fill
 .text.st_sssa8_ch_nn_mat_mult_kernel
                0x000000000800d2dc      0x718 ../Middlewares/ST/AI/Lib\NetworkRuntime512_CM7_GCC.a(st_sssa8_ch_nn_mat_mult_kernel.o)
                0x000000000800d2dc                st_sssa8_ch_nn_mat_mult_kernel
 .text.st_int8_to16_no_shift
                0x000000000800d9f4      0x144 ../Middlewares/ST/AI/Lib\NetworkRuntime512_CM7_GCC.a(st_int8_to16_no_shift.o)
                0x000000000800d9f4                st_int8_to16_no_shift
 .text.st_sssa8_ch_nn_mat_mult_nt_t
                0x000000000800db38      0x908 ../Middlewares/ST/AI/Lib\NetworkRuntime512_CM7_GCC.a(st_sssa8_ch_nn_mat_mult_nt_t.o)
                0x000000000800db38                st_sssa8_ch_nn_mat_mult_nt_t
 .text.st_int8_reordered_no_shift_zero
                0x000000000800e440       0x70 ../Middlewares/ST/AI/Lib\NetworkRuntime512_CM7_GCC.a(st_int8_reordered_no_shift.o)
                0x000000000800e440                st_int8_reordered_no_shift_zero
 .text.st_int8_avepool
                0x000000000800e4b0      0x24c ../Middlewares/ST/AI/Lib\NetworkRuntime512_CM7_GCC.a(st_int8_pool.o)
                0x000000000800e4b0                st_int8_avepool
 .text.ai_array_to_buffer_fmt
                0x000000000800e6fc       0x98 ../Middlewares/ST/AI/Lib\NetworkRuntime512_CM7_GCC.a(ai_datatypes_format.o)
                0x000000000800e6fc                ai_array_to_buffer_fmt
 .text.ai_array_get_byte_size
                0x000000000800e794       0x50 ../Middlewares/ST/AI/Lib\NetworkRuntime512_CM7_GCC.a(ai_datatypes_format.o)
                0x000000000800e794                ai_array_get_byte_size
 .text.core_tensor_clone
                0x000000000800e7e4       0x64 ../Middlewares/ST/AI/Lib\NetworkRuntime512_CM7_GCC.a(core_utils.o)
                0x000000000800e7e4                core_tensor_clone
 .text.core_array_clone
                0x000000000800e848       0x10 ../Middlewares/ST/AI/Lib\NetworkRuntime512_CM7_GCC.a(core_utils.o)
                0x000000000800e848                core_array_clone
 .text.arm_copy_q7
                0x000000000800e858       0x44 ../Middlewares/ST/AI/Lib\NetworkRuntime512_CM7_GCC.a(arm_copy_q7.o)
                0x000000000800e858                arm_copy_q7
 .text.arm_fill_q15
                0x000000000800e89c       0x38 ../Middlewares/ST/AI/Lib\NetworkRuntime512_CM7_GCC.a(arm_fill_q15.o)
                0x000000000800e89c                arm_fill_q15
 .text.__errno  0x000000000800e8d4        0xc c:/st/stm32cubeide_1.8.0/stm32cubeide/plugins/com.st.stm32cube.ide.mcu.externaltools.gnu-tools-for-stm32.10.3-2021.10.win32_1.0.0.202111181127/tools/bin/../lib/gcc/arm-none-eabi/10.3.1/../../../../arm-none-eabi/lib/thumb/v7e-m+dp/hard\libc_nano.a(lib_a-errno.o)
                0x000000000800e8d4                __errno
 .text.__libc_init_array
                0x000000000800e8e0       0x48 c:/st/stm32cubeide_1.8.0/stm32cubeide/plugins/com.st.stm32cube.ide.mcu.externaltools.gnu-tools-for-stm32.10.3-2021.10.win32_1.0.0.202111181127/tools/bin/../lib/gcc/arm-none-eabi/10.3.1/../../../../arm-none-eabi/lib/thumb/v7e-m+dp/hard\libc_nano.a(lib_a-init.o)
                0x000000000800e8e0                __libc_init_array
 .text.malloc   0x000000000800e928       0x10 c:/st/stm32cubeide_1.8.0/stm32cubeide/plugins/com.st.stm32cube.ide.mcu.externaltools.gnu-tools-for-stm32.10.3-2021.10.win32_1.0.0.202111181127/tools/bin/../lib/gcc/arm-none-eabi/10.3.1/../../../../arm-none-eabi/lib/thumb/v7e-m+dp/hard\libc_nano.a(lib_a-malloc.o)
                0x000000000800e928                malloc
 .text.free     0x000000000800e938       0x10 c:/st/stm32cubeide_1.8.0/stm32cubeide/plugins/com.st.stm32cube.ide.mcu.externaltools.gnu-tools-for-stm32.10.3-2021.10.win32_1.0.0.202111181127/tools/bin/../lib/gcc/arm-none-eabi/10.3.1/../../../../arm-none-eabi/lib/thumb/v7e-m+dp/hard\libc_nano.a(lib_a-malloc.o)
                0x000000000800e938                free
 .text.memcpy   0x000000000800e948       0x1c c:/st/stm32cubeide_1.8.0/stm32cubeide/plugins/com.st.stm32cube.ide.mcu.externaltools.gnu-tools-for-stm32.10.3-2021.10.win32_1.0.0.202111181127/tools/bin/../lib/gcc/arm-none-eabi/10.3.1/../../../../arm-none-eabi/lib/thumb/v7e-m+dp/hard\libc_nano.a(lib_a-memcpy-stub.o)
                0x000000000800e948                memcpy
 .text.memset   0x000000000800e964       0x10 c:/st/stm32cubeide_1.8.0/stm32cubeide/plugins/com.st.stm32cube.ide.mcu.externaltools.gnu-tools-for-stm32.10.3-2021.10.win32_1.0.0.202111181127/tools/bin/../lib/gcc/arm-none-eabi/10.3.1/../../../../arm-none-eabi/lib/thumb/v7e-m+dp/hard\libc_nano.a(lib_a-memset.o)
                0x000000000800e964                memset
 .text._free_r  0x000000000800e974       0x98 c:/st/stm32cubeide_1.8.0/stm32cubeide/plugins/com.st.stm32cube.ide.mcu.externaltools.gnu-tools-for-stm32.10.3-2021.10.win32_1.0.0.202111181127/tools/bin/../lib/gcc/arm-none-eabi/10.3.1/../../../../arm-none-eabi/lib/thumb/v7e-m+dp/hard\libc_nano.a(lib_a-nano-freer.o)
                0x000000000800e974                _free_r
 .text.sbrk_aligned
                0x000000000800ea0c       0x40 c:/st/stm32cubeide_1.8.0/stm32cubeide/plugins/com.st.stm32cube.ide.mcu.externaltools.gnu-tools-for-stm32.10.3-2021.10.win32_1.0.0.202111181127/tools/bin/../lib/gcc/arm-none-eabi/10.3.1/../../../../arm-none-eabi/lib/thumb/v7e-m+dp/hard\libc_nano.a(lib_a-nano-mallocr.o)
 .text._malloc_r
                0x000000000800ea4c       0xe8 c:/st/stm32cubeide_1.8.0/stm32cubeide/plugins/com.st.stm32cube.ide.mcu.externaltools.gnu-tools-for-stm32.10.3-2021.10.win32_1.0.0.202111181127/tools/bin/../lib/gcc/arm-none-eabi/10.3.1/../../../../arm-none-eabi/lib/thumb/v7e-m+dp/hard\libc_nano.a(lib_a-nano-mallocr.o)
                0x000000000800ea4c                _malloc_r
 .text.__cvt    0x000000000800eb34       0xa4 c:/st/stm32cubeide_1.8.0/stm32cubeide/plugins/com.st.stm32cube.ide.mcu.externaltools.gnu-tools-for-stm32.10.3-2021.10.win32_1.0.0.202111181127/tools/bin/../lib/gcc/arm-none-eabi/10.3.1/../../../../arm-none-eabi/lib/thumb/v7e-m+dp/hard\libc_nano.a(lib_a-nano-vfprintf_float.o)
                0x000000000800eb34                __cvt
 .text.__exponent
                0x000000000800ebd8       0x7c c:/st/stm32cubeide_1.8.0/stm32cubeide/plugins/com.st.stm32cube.ide.mcu.externaltools.gnu-tools-for-stm32.10.3-2021.10.win32_1.0.0.202111181127/tools/bin/../lib/gcc/arm-none-eabi/10.3.1/../../../../arm-none-eabi/lib/thumb/v7e-m+dp/hard\libc_nano.a(lib_a-nano-vfprintf_float.o)
                0x000000000800ebd8                __exponent
 *fill*         0x000000000800ec54        0x4 
 .text._printf_float
                0x000000000800ec58      0x43c c:/st/stm32cubeide_1.8.0/stm32cubeide/plugins/com.st.stm32cube.ide.mcu.externaltools.gnu-tools-for-stm32.10.3-2021.10.win32_1.0.0.202111181127/tools/bin/../lib/gcc/arm-none-eabi/10.3.1/../../../../arm-none-eabi/lib/thumb/v7e-m+dp/hard\libc_nano.a(lib_a-nano-vfprintf_float.o)
                0x000000000800ec58                _printf_float
 .text._printf_common
                0x000000000800f094       0xda c:/st/stm32cubeide_1.8.0/stm32cubeide/plugins/com.st.stm32cube.ide.mcu.externaltools.gnu-tools-for-stm32.10.3-2021.10.win32_1.0.0.202111181127/tools/bin/../lib/gcc/arm-none-eabi/10.3.1/../../../../arm-none-eabi/lib/thumb/v7e-m+dp/hard\libc_nano.a(lib_a-nano-vfprintf_i.o)
                0x000000000800f094                _printf_common
 *fill*         0x000000000800f16e        0x2 
 .text._printf_i
                0x000000000800f170      0x24c c:/st/stm32cubeide_1.8.0/stm32cubeide/plugins/com.st.stm32cube.ide.mcu.externaltools.gnu-tools-for-stm32.10.3-2021.10.win32_1.0.0.202111181127/tools/bin/../lib/gcc/arm-none-eabi/10.3.1/../../../../arm-none-eabi/lib/thumb/v7e-m+dp/hard\libc_nano.a(lib_a-nano-vfprintf_i.o)
                0x000000000800f170                _printf_i
 .text._puts_r  0x000000000800f3bc       0xdc c:/st/stm32cubeide_1.8.0/stm32cubeide/plugins/com.st.stm32cube.ide.mcu.externaltools.gnu-tools-for-stm32.10.3-2021.10.win32_1.0.0.202111181127/tools/bin/../lib/gcc/arm-none-eabi/10.3.1/../../../../arm-none-eabi/lib/thumb/v7e-m+dp/hard\libc_nano.a(lib_a-puts.o)
                0x000000000800f3bc                _puts_r
 .text.puts     0x000000000800f498       0x10 c:/st/stm32cubeide_1.8.0/stm32cubeide/plugins/com.st.stm32cube.ide.mcu.externaltools.gnu-tools-for-stm32.10.3-2021.10.win32_1.0.0.202111181127/tools/bin/../lib/gcc/arm-none-eabi/10.3.1/../../../../arm-none-eabi/lib/thumb/v7e-m+dp/hard\libc_nano.a(lib_a-puts.o)
                0x000000000800f498                puts
 .text._sbrk_r  0x000000000800f4a8       0x20 c:/st/stm32cubeide_1.8.0/stm32cubeide/plugins/com.st.stm32cube.ide.mcu.externaltools.gnu-tools-for-stm32.10.3-2021.10.win32_1.0.0.202111181127/tools/bin/../lib/gcc/arm-none-eabi/10.3.1/../../../../arm-none-eabi/lib/thumb/v7e-m+dp/hard\libc_nano.a(lib_a-sbrkr.o)
                0x000000000800f4a8                _sbrk_r
 .text.sprintf  0x000000000800f4c8       0x40 c:/st/stm32cubeide_1.8.0/stm32cubeide/plugins/com.st.stm32cube.ide.mcu.externaltools.gnu-tools-for-stm32.10.3-2021.10.win32_1.0.0.202111181127/tools/bin/../lib/gcc/arm-none-eabi/10.3.1/../../../../arm-none-eabi/lib/thumb/v7e-m+dp/hard\libc_nano.a(lib_a-sprintf.o)
                0x000000000800f4c8                siprintf
                0x000000000800f4c8                sprintf
 .text.__swbuf_r
                0x000000000800f508       0xa4 c:/st/stm32cubeide_1.8.0/stm32cubeide/plugins/com.st.stm32cube.ide.mcu.externaltools.gnu-tools-for-stm32.10.3-2021.10.win32_1.0.0.202111181127/tools/bin/../lib/gcc/arm-none-eabi/10.3.1/../../../../arm-none-eabi/lib/thumb/v7e-m+dp/hard\libc_nano.a(lib_a-wbuf.o)
                0x000000000800f508                __swbuf_r
 .text.__swsetup_r
                0x000000000800f5ac       0xdc c:/st/stm32cubeide_1.8.0/stm32cubeide/plugins/com.st.stm32cube.ide.mcu.externaltools.gnu-tools-for-stm32.10.3-2021.10.win32_1.0.0.202111181127/tools/bin/../lib/gcc/arm-none-eabi/10.3.1/../../../../arm-none-eabi/lib/thumb/v7e-m+dp/hard\libc_nano.a(lib_a-wsetup.o)
                0x000000000800f5ac                __swsetup_r
 .text.quorem   0x000000000800f688      0x116 c:/st/stm32cubeide_1.8.0/stm32cubeide/plugins/com.st.stm32cube.ide.mcu.externaltools.gnu-tools-for-stm32.10.3-2021.10.win32_1.0.0.202111181127/tools/bin/../lib/gcc/arm-none-eabi/10.3.1/../../../../arm-none-eabi/lib/thumb/v7e-m+dp/hard\libc_nano.a(lib_a-dtoa.o)
 *fill*         0x000000000800f79e        0x2 
 .text._dtoa_r  0x000000000800f7a0      0xadc c:/st/stm32cubeide_1.8.0/stm32cubeide/plugins/com.st.stm32cube.ide.mcu.externaltools.gnu-tools-for-stm32.10.3-2021.10.win32_1.0.0.202111181127/tools/bin/../lib/gcc/arm-none-eabi/10.3.1/../../../../arm-none-eabi/lib/thumb/v7e-m+dp/hard\libc_nano.a(lib_a-dtoa.o)
                0x000000000800f7a0                _dtoa_r
 .text.__sflush_r
                0x000000000801027c      0x10c c:/st/stm32cubeide_1.8.0/stm32cubeide/plugins/com.st.stm32cube.ide.mcu.externaltools.gnu-tools-for-stm32.10.3-2021.10.win32_1.0.0.202111181127/tools/bin/../lib/gcc/arm-none-eabi/10.3.1/../../../../arm-none-eabi/lib/thumb/v7e-m+dp/hard\libc_nano.a(lib_a-fflush.o)
                0x000000000801027c                __sflush_r
 .text._fflush_r
                0x0000000008010388       0x78 c:/st/stm32cubeide_1.8.0/stm32cubeide/plugins/com.st.stm32cube.ide.mcu.externaltools.gnu-tools-for-stm32.10.3-2021.10.win32_1.0.0.202111181127/tools/bin/../lib/gcc/arm-none-eabi/10.3.1/../../../../arm-none-eabi/lib/thumb/v7e-m+dp/hard\libc_nano.a(lib_a-fflush.o)
                0x0000000008010388                _fflush_r
 .text.std      0x0000000008010400       0x48 c:/st/stm32cubeide_1.8.0/stm32cubeide/plugins/com.st.stm32cube.ide.mcu.externaltools.gnu-tools-for-stm32.10.3-2021.10.win32_1.0.0.202111181127/tools/bin/../lib/gcc/arm-none-eabi/10.3.1/../../../../arm-none-eabi/lib/thumb/v7e-m+dp/hard\libc_nano.a(lib_a-findfp.o)
 .text._cleanup_r
                0x0000000008010448        0xc c:/st/stm32cubeide_1.8.0/stm32cubeide/plugins/com.st.stm32cube.ide.mcu.externaltools.gnu-tools-for-stm32.10.3-2021.10.win32_1.0.0.202111181127/tools/bin/../lib/gcc/arm-none-eabi/10.3.1/../../../../arm-none-eabi/lib/thumb/v7e-m+dp/hard\libc_nano.a(lib_a-findfp.o)
                0x0000000008010448                _cleanup_r
 .text.__sfmoreglue
                0x0000000008010454       0x2c c:/st/stm32cubeide_1.8.0/stm32cubeide/plugins/com.st.stm32cube.ide.mcu.externaltools.gnu-tools-for-stm32.10.3-2021.10.win32_1.0.0.202111181127/tools/bin/../lib/gcc/arm-none-eabi/10.3.1/../../../../arm-none-eabi/lib/thumb/v7e-m+dp/hard\libc_nano.a(lib_a-findfp.o)
                0x0000000008010454                __sfmoreglue
 .text.__sfp_lock_acquire
                0x0000000008010480        0xc c:/st/stm32cubeide_1.8.0/stm32cubeide/plugins/com.st.stm32cube.ide.mcu.externaltools.gnu-tools-for-stm32.10.3-2021.10.win32_1.0.0.202111181127/tools/bin/../lib/gcc/arm-none-eabi/10.3.1/../../../../arm-none-eabi/lib/thumb/v7e-m+dp/hard\libc_nano.a(lib_a-findfp.o)
                0x0000000008010480                __sfp_lock_acquire
 .text.__sfp_lock_release
                0x000000000801048c        0xc c:/st/stm32cubeide_1.8.0/stm32cubeide/plugins/com.st.stm32cube.ide.mcu.externaltools.gnu-tools-for-stm32.10.3-2021.10.win32_1.0.0.202111181127/tools/bin/../lib/gcc/arm-none-eabi/10.3.1/../../../../arm-none-eabi/lib/thumb/v7e-m+dp/hard\libc_nano.a(lib_a-findfp.o)
                0x000000000801048c                __sfp_lock_release
 .text.__sinit_lock_acquire
                0x0000000008010498        0xc c:/st/stm32cubeide_1.8.0/stm32cubeide/plugins/com.st.stm32cube.ide.mcu.externaltools.gnu-tools-for-stm32.10.3-2021.10.win32_1.0.0.202111181127/tools/bin/../lib/gcc/arm-none-eabi/10.3.1/../../../../arm-none-eabi/lib/thumb/v7e-m+dp/hard\libc_nano.a(lib_a-findfp.o)
                0x0000000008010498                __sinit_lock_acquire
 .text.__sinit_lock_release
                0x00000000080104a4        0xc c:/st/stm32cubeide_1.8.0/stm32cubeide/plugins/com.st.stm32cube.ide.mcu.externaltools.gnu-tools-for-stm32.10.3-2021.10.win32_1.0.0.202111181127/tools/bin/../lib/gcc/arm-none-eabi/10.3.1/../../../../arm-none-eabi/lib/thumb/v7e-m+dp/hard\libc_nano.a(lib_a-findfp.o)
                0x00000000080104a4                __sinit_lock_release
 .text.__sinit  0x00000000080104b0       0x70 c:/st/stm32cubeide_1.8.0/stm32cubeide/plugins/com.st.stm32cube.ide.mcu.externaltools.gnu-tools-for-stm32.10.3-2021.10.win32_1.0.0.202111181127/tools/bin/../lib/gcc/arm-none-eabi/10.3.1/../../../../arm-none-eabi/lib/thumb/v7e-m+dp/hard\libc_nano.a(lib_a-findfp.o)
                0x00000000080104b0                __sinit
 .text.__sfp    0x0000000008010520       0x8c c:/st/stm32cubeide_1.8.0/stm32cubeide/plugins/com.st.stm32cube.ide.mcu.externaltools.gnu-tools-for-stm32.10.3-2021.10.win32_1.0.0.202111181127/tools/bin/../lib/gcc/arm-none-eabi/10.3.1/../../../../arm-none-eabi/lib/thumb/v7e-m+dp/hard\libc_nano.a(lib_a-findfp.o)
                0x0000000008010520                __sfp
 .text._fwalk_reent
                0x00000000080105ac       0x3e c:/st/stm32cubeide_1.8.0/stm32cubeide/plugins/com.st.stm32cube.ide.mcu.externaltools.gnu-tools-for-stm32.10.3-2021.10.win32_1.0.0.202111181127/tools/bin/../lib/gcc/arm-none-eabi/10.3.1/../../../../arm-none-eabi/lib/thumb/v7e-m+dp/hard\libc_nano.a(lib_a-fwalk.o)
                0x00000000080105ac                _fwalk_reent
 *fill*         0x00000000080105ea        0x2 
 .text._localeconv_r
                0x00000000080105ec        0x8 c:/st/stm32cubeide_1.8.0/stm32cubeide/plugins/com.st.stm32cube.ide.mcu.externaltools.gnu-tools-for-stm32.10.3-2021.10.win32_1.0.0.202111181127/tools/bin/../lib/gcc/arm-none-eabi/10.3.1/../../../../arm-none-eabi/lib/thumb/v7e-m+dp/hard\libc_nano.a(lib_a-localeconv.o)
                0x00000000080105ec                _localeconv_r
 .text.__retarget_lock_init_recursive
                0x00000000080105f4        0x2 c:/st/stm32cubeide_1.8.0/stm32cubeide/plugins/com.st.stm32cube.ide.mcu.externaltools.gnu-tools-for-stm32.10.3-2021.10.win32_1.0.0.202111181127/tools/bin/../lib/gcc/arm-none-eabi/10.3.1/../../../../arm-none-eabi/lib/thumb/v7e-m+dp/hard\libc_nano.a(lib_a-lock.o)
                0x00000000080105f4                __retarget_lock_init_recursive
 .text.__retarget_lock_acquire_recursive
                0x00000000080105f6        0x2 c:/st/stm32cubeide_1.8.0/stm32cubeide/plugins/com.st.stm32cube.ide.mcu.externaltools.gnu-tools-for-stm32.10.3-2021.10.win32_1.0.0.202111181127/tools/bin/../lib/gcc/arm-none-eabi/10.3.1/../../../../arm-none-eabi/lib/thumb/v7e-m+dp/hard\libc_nano.a(lib_a-lock.o)
                0x00000000080105f6                __retarget_lock_acquire_recursive
 .text.__retarget_lock_release_recursive
                0x00000000080105f8        0x2 c:/st/stm32cubeide_1.8.0/stm32cubeide/plugins/com.st.stm32cube.ide.mcu.externaltools.gnu-tools-for-stm32.10.3-2021.10.win32_1.0.0.202111181127/tools/bin/../lib/gcc/arm-none-eabi/10.3.1/../../../../arm-none-eabi/lib/thumb/v7e-m+dp/hard\libc_nano.a(lib_a-lock.o)
                0x00000000080105f8                __retarget_lock_release_recursive
 .text.__swhatbuf_r
                0x00000000080105fa       0x4a c:/st/stm32cubeide_1.8.0/stm32cubeide/plugins/com.st.stm32cube.ide.mcu.externaltools.gnu-tools-for-stm32.10.3-2021.10.win32_1.0.0.202111181127/tools/bin/../lib/gcc/arm-none-eabi/10.3.1/../../../../arm-none-eabi/lib/thumb/v7e-m+dp/hard\libc_nano.a(lib_a-makebuf.o)
                0x00000000080105fa                __swhatbuf_r
 .text.__smakebuf_r
                0x0000000008010644       0x80 c:/st/stm32cubeide_1.8.0/stm32cubeide/plugins/com.st.stm32cube.ide.mcu.externaltools.gnu-tools-for-stm32.10.3-2021.10.win32_1.0.0.202111181127/tools/bin/../lib/gcc/arm-none-eabi/10.3.1/../../../../arm-none-eabi/lib/thumb/v7e-m+dp/hard\libc_nano.a(lib_a-makebuf.o)
                0x0000000008010644                __smakebuf_r
 .text.__malloc_lock
                0x00000000080106c4        0xc c:/st/stm32cubeide_1.8.0/stm32cubeide/plugins/com.st.stm32cube.ide.mcu.externaltools.gnu-tools-for-stm32.10.3-2021.10.win32_1.0.0.202111181127/tools/bin/../lib/gcc/arm-none-eabi/10.3.1/../../../../arm-none-eabi/lib/thumb/v7e-m+dp/hard\libc_nano.a(lib_a-mlock.o)
                0x00000000080106c4                __malloc_lock
 .text.__malloc_unlock
                0x00000000080106d0        0xc c:/st/stm32cubeide_1.8.0/stm32cubeide/plugins/com.st.stm32cube.ide.mcu.externaltools.gnu-tools-for-stm32.10.3-2021.10.win32_1.0.0.202111181127/tools/bin/../lib/gcc/arm-none-eabi/10.3.1/../../../../arm-none-eabi/lib/thumb/v7e-m+dp/hard\libc_nano.a(lib_a-mlock.o)
                0x00000000080106d0                __malloc_unlock
 .text._Balloc  0x00000000080106dc       0x80 c:/st/stm32cubeide_1.8.0/stm32cubeide/plugins/com.st.stm32cube.ide.mcu.externaltools.gnu-tools-for-stm32.10.3-2021.10.win32_1.0.0.202111181127/tools/bin/../lib/gcc/arm-none-eabi/10.3.1/../../../../arm-none-eabi/lib/thumb/v7e-m+dp/hard\libc_nano.a(lib_a-mprec.o)
                0x00000000080106dc                _Balloc
 .text._Bfree   0x000000000801075c       0x44 c:/st/stm32cubeide_1.8.0/stm32cubeide/plugins/com.st.stm32cube.ide.mcu.externaltools.gnu-tools-for-stm32.10.3-2021.10.win32_1.0.0.202111181127/tools/bin/../lib/gcc/arm-none-eabi/10.3.1/../../../../arm-none-eabi/lib/thumb/v7e-m+dp/hard\libc_nano.a(lib_a-mprec.o)
                0x000000000801075c                _Bfree
 .text.__multadd
                0x00000000080107a0       0x8c c:/st/stm32cubeide_1.8.0/stm32cubeide/plugins/com.st.stm32cube.ide.mcu.externaltools.gnu-tools-for-stm32.10.3-2021.10.win32_1.0.0.202111181127/tools/bin/../lib/gcc/arm-none-eabi/10.3.1/../../../../arm-none-eabi/lib/thumb/v7e-m+dp/hard\libc_nano.a(lib_a-mprec.o)
                0x00000000080107a0                __multadd
 .text.__hi0bits
                0x000000000801082c       0x40 c:/st/stm32cubeide_1.8.0/stm32cubeide/plugins/com.st.stm32cube.ide.mcu.externaltools.gnu-tools-for-stm32.10.3-2021.10.win32_1.0.0.202111181127/tools/bin/../lib/gcc/arm-none-eabi/10.3.1/../../../../arm-none-eabi/lib/thumb/v7e-m+dp/hard\libc_nano.a(lib_a-mprec.o)
                0x000000000801082c                __hi0bits
 .text.__lo0bits
                0x000000000801086c       0x5e c:/st/stm32cubeide_1.8.0/stm32cubeide/plugins/com.st.stm32cube.ide.mcu.externaltools.gnu-tools-for-stm32.10.3-2021.10.win32_1.0.0.202111181127/tools/bin/../lib/gcc/arm-none-eabi/10.3.1/../../../../arm-none-eabi/lib/thumb/v7e-m+dp/hard\libc_nano.a(lib_a-mprec.o)
                0x000000000801086c                __lo0bits
 *fill*         0x00000000080108ca        0x2 
 .text.__i2b    0x00000000080108cc       0x2c c:/st/stm32cubeide_1.8.0/stm32cubeide/plugins/com.st.stm32cube.ide.mcu.externaltools.gnu-tools-for-stm32.10.3-2021.10.win32_1.0.0.202111181127/tools/bin/../lib/gcc/arm-none-eabi/10.3.1/../../../../arm-none-eabi/lib/thumb/v7e-m+dp/hard\libc_nano.a(lib_a-mprec.o)
                0x00000000080108cc                __i2b
 .text.__multiply
                0x00000000080108f8      0x154 c:/st/stm32cubeide_1.8.0/stm32cubeide/plugins/com.st.stm32cube.ide.mcu.externaltools.gnu-tools-for-stm32.10.3-2021.10.win32_1.0.0.202111181127/tools/bin/../lib/gcc/arm-none-eabi/10.3.1/../../../../arm-none-eabi/lib/thumb/v7e-m+dp/hard\libc_nano.a(lib_a-mprec.o)
                0x00000000080108f8                __multiply
 .text.__pow5mult
                0x0000000008010a4c       0xb4 c:/st/stm32cubeide_1.8.0/stm32cubeide/plugins/com.st.stm32cube.ide.mcu.externaltools.gnu-tools-for-stm32.10.3-2021.10.win32_1.0.0.202111181127/tools/bin/../lib/gcc/arm-none-eabi/10.3.1/../../../../arm-none-eabi/lib/thumb/v7e-m+dp/hard\libc_nano.a(lib_a-mprec.o)
                0x0000000008010a4c                __pow5mult
 .text.__lshift
                0x0000000008010b00       0xe0 c:/st/stm32cubeide_1.8.0/stm32cubeide/plugins/com.st.stm32cube.ide.mcu.externaltools.gnu-tools-for-stm32.10.3-2021.10.win32_1.0.0.202111181127/tools/bin/../lib/gcc/arm-none-eabi/10.3.1/../../../../arm-none-eabi/lib/thumb/v7e-m+dp/hard\libc_nano.a(lib_a-mprec.o)
                0x0000000008010b00                __lshift
 .text.__mcmp   0x0000000008010be0       0x38 c:/st/stm32cubeide_1.8.0/stm32cubeide/plugins/com.st.stm32cube.ide.mcu.externaltools.gnu-tools-for-stm32.10.3-2021.10.win32_1.0.0.202111181127/tools/bin/../lib/gcc/arm-none-eabi/10.3.1/../../../../arm-none-eabi/lib/thumb/v7e-m+dp/hard\libc_nano.a(lib_a-mprec.o)
                0x0000000008010be0                __mcmp
 .text.__mdiff  0x0000000008010c18      0x114 c:/st/stm32cubeide_1.8.0/stm32cubeide/plugins/com.st.stm32cube.ide.mcu.externaltools.gnu-tools-for-stm32.10.3-2021.10.win32_1.0.0.202111181127/tools/bin/../lib/gcc/arm-none-eabi/10.3.1/../../../../arm-none-eabi/lib/thumb/v7e-m+dp/hard\libc_nano.a(lib_a-mprec.o)
                0x0000000008010c18                __mdiff
 .text.__d2b    0x0000000008010d2c       0xb8 c:/st/stm32cubeide_1.8.0/stm32cubeide/plugins/com.st.stm32cube.ide.mcu.externaltools.gnu-tools-for-stm32.10.3-2021.10.win32_1.0.0.202111181127/tools/bin/../lib/gcc/arm-none-eabi/10.3.1/../../../../arm-none-eabi/lib/thumb/v7e-m+dp/hard\libc_nano.a(lib_a-mprec.o)
                0x0000000008010d2c                __d2b
 .text._calloc_r
                0x0000000008010de4       0x2c c:/st/stm32cubeide_1.8.0/stm32cubeide/plugins/com.st.stm32cube.ide.mcu.externaltools.gnu-tools-for-stm32.10.3-2021.10.win32_1.0.0.202111181127/tools/bin/../lib/gcc/arm-none-eabi/10.3.1/../../../../arm-none-eabi/lib/thumb/v7e-m+dp/hard\libc_nano.a(lib_a-nano-callocr.o)
                0x0000000008010de4                _calloc_r
 .text._realloc_r
                0x0000000008010e10       0x5e c:/st/stm32cubeide_1.8.0/stm32cubeide/plugins/com.st.stm32cube.ide.mcu.externaltools.gnu-tools-for-stm32.10.3-2021.10.win32_1.0.0.202111181127/tools/bin/../lib/gcc/arm-none-eabi/10.3.1/../../../../arm-none-eabi/lib/thumb/v7e-m+dp/hard\libc_nano.a(lib_a-nano-reallocr.o)
                0x0000000008010e10                _realloc_r
 .text.__ssputs_r
                0x0000000008010e6e       0xb6 c:/st/stm32cubeide_1.8.0/stm32cubeide/plugins/com.st.stm32cube.ide.mcu.externaltools.gnu-tools-for-stm32.10.3-2021.10.win32_1.0.0.202111181127/tools/bin/../lib/gcc/arm-none-eabi/10.3.1/../../../../arm-none-eabi/lib/thumb/v7e-m+dp/hard\libc_nano.a(lib_a-nano-svfprintf.o)
                0x0000000008010e6e                __ssputs_r
 .text._svfprintf_r
                0x0000000008010f24      0x200 c:/st/stm32cubeide_1.8.0/stm32cubeide/plugins/com.st.stm32cube.ide.mcu.externaltools.gnu-tools-for-stm32.10.3-2021.10.win32_1.0.0.202111181127/tools/bin/../lib/gcc/arm-none-eabi/10.3.1/../../../../arm-none-eabi/lib/thumb/v7e-m+dp/hard\libc_nano.a(lib_a-nano-svfprintf.o)
                0x0000000008010f24                _svfiprintf_r
                0x0000000008010f24                _svfprintf_r
 .text.__sread  0x0000000008011124       0x22 c:/st/stm32cubeide_1.8.0/stm32cubeide/plugins/com.st.stm32cube.ide.mcu.externaltools.gnu-tools-for-stm32.10.3-2021.10.win32_1.0.0.202111181127/tools/bin/../lib/gcc/arm-none-eabi/10.3.1/../../../../arm-none-eabi/lib/thumb/v7e-m+dp/hard\libc_nano.a(lib_a-stdio.o)
                0x0000000008011124                __sread
 .text.__swrite
                0x0000000008011146       0x38 c:/st/stm32cubeide_1.8.0/stm32cubeide/plugins/com.st.stm32cube.ide.mcu.externaltools.gnu-tools-for-stm32.10.3-2021.10.win32_1.0.0.202111181127/tools/bin/../lib/gcc/arm-none-eabi/10.3.1/../../../../arm-none-eabi/lib/thumb/v7e-m+dp/hard\libc_nano.a(lib_a-stdio.o)
                0x0000000008011146                __swrite
 .text.__sseek  0x000000000801117e       0x24 c:/st/stm32cubeide_1.8.0/stm32cubeide/plugins/com.st.stm32cube.ide.mcu.externaltools.gnu-tools-for-stm32.10.3-2021.10.win32_1.0.0.202111181127/tools/bin/../lib/gcc/arm-none-eabi/10.3.1/../../../../arm-none-eabi/lib/thumb/v7e-m+dp/hard\libc_nano.a(lib_a-stdio.o)
                0x000000000801117e                __sseek
 .text.__sclose
                0x00000000080111a2        0x8 c:/st/stm32cubeide_1.8.0/stm32cubeide/plugins/com.st.stm32cube.ide.mcu.externaltools.gnu-tools-for-stm32.10.3-2021.10.win32_1.0.0.202111181127/tools/bin/../lib/gcc/arm-none-eabi/10.3.1/../../../../arm-none-eabi/lib/thumb/v7e-m+dp/hard\libc_nano.a(lib_a-stdio.o)
                0x00000000080111a2                __sclose
 *fill*         0x00000000080111aa        0x2 
 .text._write_r
                0x00000000080111ac       0x24 c:/st/stm32cubeide_1.8.0/stm32cubeide/plugins/com.st.stm32cube.ide.mcu.externaltools.gnu-tools-for-stm32.10.3-2021.10.win32_1.0.0.202111181127/tools/bin/../lib/gcc/arm-none-eabi/10.3.1/../../../../arm-none-eabi/lib/thumb/v7e-m+dp/hard\libc_nano.a(lib_a-writer.o)
                0x00000000080111ac                _write_r
 .text.__assert_func
                0x00000000080111d0       0x3c c:/st/stm32cubeide_1.8.0/stm32cubeide/plugins/com.st.stm32cube.ide.mcu.externaltools.gnu-tools-for-stm32.10.3-2021.10.win32_1.0.0.202111181127/tools/bin/../lib/gcc/arm-none-eabi/10.3.1/../../../../arm-none-eabi/lib/thumb/v7e-m+dp/hard\libc_nano.a(lib_a-assert.o)
                0x00000000080111d0                __assert_func
 .text._close_r
                0x000000000801120c       0x20 c:/st/stm32cubeide_1.8.0/stm32cubeide/plugins/com.st.stm32cube.ide.mcu.externaltools.gnu-tools-for-stm32.10.3-2021.10.win32_1.0.0.202111181127/tools/bin/../lib/gcc/arm-none-eabi/10.3.1/../../../../arm-none-eabi/lib/thumb/v7e-m+dp/hard\libc_nano.a(lib_a-closer.o)
                0x000000000801120c                _close_r
 .text.fprintf  0x000000000801122c       0x24 c:/st/stm32cubeide_1.8.0/stm32cubeide/plugins/com.st.stm32cube.ide.mcu.externaltools.gnu-tools-for-stm32.10.3-2021.10.win32_1.0.0.202111181127/tools/bin/../lib/gcc/arm-none-eabi/10.3.1/../../../../arm-none-eabi/lib/thumb/v7e-m+dp/hard\libc_nano.a(lib_a-fprintf.o)
                0x000000000801122c                fiprintf
                0x000000000801122c                fprintf
 .text._fstat_r
                0x0000000008011250       0x24 c:/st/stm32cubeide_1.8.0/stm32cubeide/plugins/com.st.stm32cube.ide.mcu.externaltools.gnu-tools-for-stm32.10.3-2021.10.win32_1.0.0.202111181127/tools/bin/../lib/gcc/arm-none-eabi/10.3.1/../../../../arm-none-eabi/lib/thumb/v7e-m+dp/hard\libc_nano.a(lib_a-fstatr.o)
                0x0000000008011250                _fstat_r
 .text._isatty_r
                0x0000000008011274       0x20 c:/st/stm32cubeide_1.8.0/stm32cubeide/plugins/com.st.stm32cube.ide.mcu.externaltools.gnu-tools-for-stm32.10.3-2021.10.win32_1.0.0.202111181127/tools/bin/../lib/gcc/arm-none-eabi/10.3.1/../../../../arm-none-eabi/lib/thumb/v7e-m+dp/hard\libc_nano.a(lib_a-isattyr.o)
                0x0000000008011274                _isatty_r
 .text._lseek_r
                0x0000000008011294       0x24 c:/st/stm32cubeide_1.8.0/stm32cubeide/plugins/com.st.stm32cube.ide.mcu.externaltools.gnu-tools-for-stm32.10.3-2021.10.win32_1.0.0.202111181127/tools/bin/../lib/gcc/arm-none-eabi/10.3.1/../../../../arm-none-eabi/lib/thumb/v7e-m+dp/hard\libc_nano.a(lib_a-lseekr.o)
                0x0000000008011294                _lseek_r
 .text.__ascii_mbtowc
                0x00000000080112b8       0x24 c:/st/stm32cubeide_1.8.0/stm32cubeide/plugins/com.st.stm32cube.ide.mcu.externaltools.gnu-tools-for-stm32.10.3-2021.10.win32_1.0.0.202111181127/tools/bin/../lib/gcc/arm-none-eabi/10.3.1/../../../../arm-none-eabi/lib/thumb/v7e-m+dp/hard\libc_nano.a(lib_a-mbtowc_r.o)
                0x00000000080112b8                __ascii_mbtowc
 .text.memmove  0x00000000080112dc       0x34 c:/st/stm32cubeide_1.8.0/stm32cubeide/plugins/com.st.stm32cube.ide.mcu.externaltools.gnu-tools-for-stm32.10.3-2021.10.win32_1.0.0.202111181127/tools/bin/../lib/gcc/arm-none-eabi/10.3.1/../../../../arm-none-eabi/lib/thumb/v7e-m+dp/hard\libc_nano.a(lib_a-memmove.o)
                0x00000000080112dc                memmove
 .text._malloc_usable_size_r
                0x0000000008011310       0x10 c:/st/stm32cubeide_1.8.0/stm32cubeide/plugins/com.st.stm32cube.ide.mcu.externaltools.gnu-tools-for-stm32.10.3-2021.10.win32_1.0.0.202111181127/tools/bin/../lib/gcc/arm-none-eabi/10.3.1/../../../../arm-none-eabi/lib/thumb/v7e-m+dp/hard\libc_nano.a(lib_a-nano-msizer.o)
                0x0000000008011310                _malloc_usable_size_r
 .text.__sfputc_r
                0x0000000008011320       0x2e c:/st/stm32cubeide_1.8.0/stm32cubeide/plugins/com.st.stm32cube.ide.mcu.externaltools.gnu-tools-for-stm32.10.3-2021.10.win32_1.0.0.202111181127/tools/bin/../lib/gcc/arm-none-eabi/10.3.1/../../../../arm-none-eabi/lib/thumb/v7e-m+dp/hard\libc_nano.a(lib_a-nano-vfprintf.o)
 .text.__sfputs_r
                0x000000000801134e       0x24 c:/st/stm32cubeide_1.8.0/stm32cubeide/plugins/com.st.stm32cube.ide.mcu.externaltools.gnu-tools-for-stm32.10.3-2021.10.win32_1.0.0.202111181127/tools/bin/../lib/gcc/arm-none-eabi/10.3.1/../../../../arm-none-eabi/lib/thumb/v7e-m+dp/hard\libc_nano.a(lib_a-nano-vfprintf.o)
                0x000000000801134e                __sfputs_r
 *fill*         0x0000000008011372        0x2 
 .text._vfprintf_r
                0x0000000008011374      0x260 c:/st/stm32cubeide_1.8.0/stm32cubeide/plugins/com.st.stm32cube.ide.mcu.externaltools.gnu-tools-for-stm32.10.3-2021.10.win32_1.0.0.202111181127/tools/bin/../lib/gcc/arm-none-eabi/10.3.1/../../../../arm-none-eabi/lib/thumb/v7e-m+dp/hard\libc_nano.a(lib_a-nano-vfprintf.o)
                0x0000000008011374                _vfprintf_r
                0x0000000008011374                _vfiprintf_r
 .text._read_r  0x00000000080115d4       0x24 c:/st/stm32cubeide_1.8.0/stm32cubeide/plugins/com.st.stm32cube.ide.mcu.externaltools.gnu-tools-for-stm32.10.3-2021.10.win32_1.0.0.202111181127/tools/bin/../lib/gcc/arm-none-eabi/10.3.1/../../../../arm-none-eabi/lib/thumb/v7e-m+dp/hard\libc_nano.a(lib_a-readr.o)
                0x00000000080115d4                _read_r
 .text.__ascii_wctomb
                0x00000000080115f8       0x1a c:/st/stm32cubeide_1.8.0/stm32cubeide/plugins/com.st.stm32cube.ide.mcu.externaltools.gnu-tools-for-stm32.10.3-2021.10.win32_1.0.0.202111181127/tools/bin/../lib/gcc/arm-none-eabi/10.3.1/../../../../arm-none-eabi/lib/thumb/v7e-m+dp/hard\libc_nano.a(lib_a-wctomb_r.o)
                0x00000000080115f8                __ascii_wctomb
 .text.abort    0x0000000008011612        0xe c:/st/stm32cubeide_1.8.0/stm32cubeide/plugins/com.st.stm32cube.ide.mcu.externaltools.gnu-tools-for-stm32.10.3-2021.10.win32_1.0.0.202111181127/tools/bin/../lib/gcc/arm-none-eabi/10.3.1/../../../../arm-none-eabi/lib/thumb/v7e-m+dp/hard\libc_nano.a(lib_a-abort.o)
                0x0000000008011612                abort
 .text._raise_r
                0x0000000008011620       0x50 c:/st/stm32cubeide_1.8.0/stm32cubeide/plugins/com.st.stm32cube.ide.mcu.externaltools.gnu-tools-for-stm32.10.3-2021.10.win32_1.0.0.202111181127/tools/bin/../lib/gcc/arm-none-eabi/10.3.1/../../../../arm-none-eabi/lib/thumb/v7e-m+dp/hard\libc_nano.a(lib_a-signal.o)
                0x0000000008011620                _raise_r
 .text.raise    0x0000000008011670       0x10 c:/st/stm32cubeide_1.8.0/stm32cubeide/plugins/com.st.stm32cube.ide.mcu.externaltools.gnu-tools-for-stm32.10.3-2021.10.win32_1.0.0.202111181127/tools/bin/../lib/gcc/arm-none-eabi/10.3.1/../../../../arm-none-eabi/lib/thumb/v7e-m+dp/hard\libc_nano.a(lib_a-signal.o)
                0x0000000008011670                raise
 .text._kill_r  0x0000000008011680       0x24 c:/st/stm32cubeide_1.8.0/stm32cubeide/plugins/com.st.stm32cube.ide.mcu.externaltools.gnu-tools-for-stm32.10.3-2021.10.win32_1.0.0.202111181127/tools/bin/../lib/gcc/arm-none-eabi/10.3.1/../../../../arm-none-eabi/lib/thumb/v7e-m+dp/hard\libc_nano.a(lib_a-signalr.o)
                0x0000000008011680                _kill_r
 .text._getpid_r
                0x00000000080116a4        0x4 c:/st/stm32cubeide_1.8.0/stm32cubeide/plugins/com.st.stm32cube.ide.mcu.externaltools.gnu-tools-for-stm32.10.3-2021.10.win32_1.0.0.202111181127/tools/bin/../lib/gcc/arm-none-eabi/10.3.1/../../../../arm-none-eabi/lib/thumb/v7e-m+dp/hard\libc_nano.a(lib_a-signalr.o)
                0x00000000080116a4                _getpid_r
 .text.with_errnof
                0x00000000080116a8       0x16 c:/st/stm32cubeide_1.8.0/stm32cubeide/plugins/com.st.stm32cube.ide.mcu.externaltools.gnu-tools-for-stm32.10.3-2021.10.win32_1.0.0.202111181127/tools/bin/../lib/gcc/arm-none-eabi/10.3.1/../../../../arm-none-eabi/lib/thumb/v7e-m+dp/hard\libm.a(lib_a-math_errf.o)
 .text.xflowf   0x00000000080116be       0x16 c:/st/stm32cubeide_1.8.0/stm32cubeide/plugins/com.st.stm32cube.ide.mcu.externaltools.gnu-tools-for-stm32.10.3-2021.10.win32_1.0.0.202111181127/tools/bin/../lib/gcc/arm-none-eabi/10.3.1/../../../../arm-none-eabi/lib/thumb/v7e-m+dp/hard\libm.a(lib_a-math_errf.o)
 .text.__math_uflowf
                0x00000000080116d4        0xc c:/st/stm32cubeide_1.8.0/stm32cubeide/plugins/com.st.stm32cube.ide.mcu.externaltools.gnu-tools-for-stm32.10.3-2021.10.win32_1.0.0.202111181127/tools/bin/../lib/gcc/arm-none-eabi/10.3.1/../../../../arm-none-eabi/lib/thumb/v7e-m+dp/hard\libm.a(lib_a-math_errf.o)
                0x00000000080116d4                __math_uflowf
 .text.__math_may_uflowf
                0x00000000080116e0        0xc c:/st/stm32cubeide_1.8.0/stm32cubeide/plugins/com.st.stm32cube.ide.mcu.externaltools.gnu-tools-for-stm32.10.3-2021.10.win32_1.0.0.202111181127/tools/bin/../lib/gcc/arm-none-eabi/10.3.1/../../../../arm-none-eabi/lib/thumb/v7e-m+dp/hard\libm.a(lib_a-math_errf.o)
                0x00000000080116e0                __math_may_uflowf
 .text.__math_oflowf
                0x00000000080116ec        0xc c:/st/stm32cubeide_1.8.0/stm32cubeide/plugins/com.st.stm32cube.ide.mcu.externaltools.gnu-tools-for-stm32.10.3-2021.10.win32_1.0.0.202111181127/tools/bin/../lib/gcc/arm-none-eabi/10.3.1/../../../../arm-none-eabi/lib/thumb/v7e-m+dp/hard\libm.a(lib_a-math_errf.o)
                0x00000000080116ec                __math_oflowf
 .text.__math_divzerof
                0x00000000080116f8       0x20 c:/st/stm32cubeide_1.8.0/stm32cubeide/plugins/com.st.stm32cube.ide.mcu.externaltools.gnu-tools-for-stm32.10.3-2021.10.win32_1.0.0.202111181127/tools/bin/../lib/gcc/arm-none-eabi/10.3.1/../../../../arm-none-eabi/lib/thumb/v7e-m+dp/hard\libm.a(lib_a-math_errf.o)
                0x00000000080116f8                __math_divzerof
 .text.__math_invalidf
                0x0000000008011718       0x1e c:/st/stm32cubeide_1.8.0/stm32cubeide/plugins/com.st.stm32cube.ide.mcu.externaltools.gnu-tools-for-stm32.10.3-2021.10.win32_1.0.0.202111181127/tools/bin/../lib/gcc/arm-none-eabi/10.3.1/../../../../arm-none-eabi/lib/thumb/v7e-m+dp/hard\libm.a(lib_a-math_errf.o)
                0x0000000008011718                __math_invalidf
 *fill*         0x0000000008011736        0x2 
 .text.expf     0x0000000008011738       0xe8 c:/st/stm32cubeide_1.8.0/stm32cubeide/plugins/com.st.stm32cube.ide.mcu.externaltools.gnu-tools-for-stm32.10.3-2021.10.win32_1.0.0.202111181127/tools/bin/../lib/gcc/arm-none-eabi/10.3.1/../../../../arm-none-eabi/lib/thumb/v7e-m+dp/hard\libm.a(lib_a-sf_exp.o)
                0x0000000008011738                expf
 .text.checkint
                0x0000000008011820       0x2e c:/st/stm32cubeide_1.8.0/stm32cubeide/plugins/com.st.stm32cube.ide.mcu.externaltools.gnu-tools-for-stm32.10.3-2021.10.win32_1.0.0.202111181127/tools/bin/../lib/gcc/arm-none-eabi/10.3.1/../../../../arm-none-eabi/lib/thumb/v7e-m+dp/hard\libm.a(lib_a-sf_pow.o)
 *fill*         0x000000000801184e        0x2 
 .text.powf     0x0000000008011850      0x2c0 c:/st/stm32cubeide_1.8.0/stm32cubeide/plugins/com.st.stm32cube.ide.mcu.externaltools.gnu-tools-for-stm32.10.3-2021.10.win32_1.0.0.202111181127/tools/bin/../lib/gcc/arm-none-eabi/10.3.1/../../../../arm-none-eabi/lib/thumb/v7e-m+dp/hard\libm.a(lib_a-sf_pow.o)
                0x0000000008011850                powf
 *(.glue_7)
 .glue_7        0x0000000008011b10        0x0 linker stubs
 *(.glue_7t)
 .glue_7t       0x0000000008011b10        0x0 linker stubs
 *(.eh_frame)
 .eh_frame      0x0000000008011b10        0x0 c:/st/stm32cubeide_1.8.0/stm32cubeide/plugins/com.st.stm32cube.ide.mcu.externaltools.gnu-tools-for-stm32.10.3-2021.10.win32_1.0.0.202111181127/tools/bin/../lib/gcc/arm-none-eabi/10.3.1/thumb/v7e-m+dp/hard/crtbegin.o
 *(.init)
 .init          0x0000000008011b10        0x4 c:/st/stm32cubeide_1.8.0/stm32cubeide/plugins/com.st.stm32cube.ide.mcu.externaltools.gnu-tools-for-stm32.10.3-2021.10.win32_1.0.0.202111181127/tools/bin/../lib/gcc/arm-none-eabi/10.3.1/thumb/v7e-m+dp/hard/crti.o
                0x0000000008011b10                _init
 .init          0x0000000008011b14        0x8 c:/st/stm32cubeide_1.8.0/stm32cubeide/plugins/com.st.stm32cube.ide.mcu.externaltools.gnu-tools-for-stm32.10.3-2021.10.win32_1.0.0.202111181127/tools/bin/../lib/gcc/arm-none-eabi/10.3.1/thumb/v7e-m+dp/hard/crtn.o
 *(.fini)
 .fini          0x0000000008011b1c        0x4 c:/st/stm32cubeide_1.8.0/stm32cubeide/plugins/com.st.stm32cube.ide.mcu.externaltools.gnu-tools-for-stm32.10.3-2021.10.win32_1.0.0.202111181127/tools/bin/../lib/gcc/arm-none-eabi/10.3.1/thumb/v7e-m+dp/hard/crti.o
                0x0000000008011b1c                _fini
 .fini          0x0000000008011b20        0x8 c:/st/stm32cubeide_1.8.0/stm32cubeide/plugins/com.st.stm32cube.ide.mcu.externaltools.gnu-tools-for-stm32.10.3-2021.10.win32_1.0.0.202111181127/tools/bin/../lib/gcc/arm-none-eabi/10.3.1/thumb/v7e-m+dp/hard/crtn.o
                0x0000000008011b28                . = ALIGN (0x4)
                0x0000000008011b28                _etext = .

.vfp11_veneer   0x0000000008011b28        0x0
 .vfp11_veneer  0x0000000008011b28        0x0 linker stubs

.v4_bx          0x0000000008011b28        0x0
 .v4_bx         0x0000000008011b28        0x0 linker stubs

.iplt           0x0000000008011b28        0x0
 .iplt          0x0000000008011b28        0x0 c:/st/stm32cubeide_1.8.0/stm32cubeide/plugins/com.st.stm32cube.ide.mcu.externaltools.gnu-tools-for-stm32.10.3-2021.10.win32_1.0.0.202111181127/tools/bin/../lib/gcc/arm-none-eabi/10.3.1/thumb/v7e-m+dp/hard/crtbegin.o

.rodata         0x0000000008011b28     0x1508
                0x0000000008011b28                . = ALIGN (0x4)
 *(.rodata)
 .rodata        0x0000000008011b28      0x29c ./Core/Src/main.o
 .rodata        0x0000000008011dc4        0x4 ../Middlewares/ST/AI/Lib\NetworkRuntime512_CM7_GCC.a(layers.o)
 *(.rodata*)
 .rodata.AHBPrescTable
                0x0000000008011dc8       0x10 ./Core/Src/system_stm32f7xx.o
                0x0000000008011dc8                AHBPrescTable
 .rodata.APBPrescTable
                0x0000000008011dd8        0x8 ./Core/Src/system_stm32f7xx.o
                0x0000000008011dd8                APBPrescTable
 .rodata.Zig    0x0000000008011de0       0x40 ./Core/tjpg/tjpgd.o
 .rodata.Ipsf   0x0000000008011e20       0x80 ./Core/tjpg/tjpgd.o
 .rodata.Clip8  0x0000000008011ea0      0x400 ./Core/tjpg/tjpgd.o
 .rodata.flagBitshiftOffset.0
                0x00000000080122a0        0x8 ./Drivers/STM32F7xx_HAL_Driver/Src/stm32f7xx_hal_dma.o
 .rodata.conversion_0_chain
                0x00000000080122a8        0x8 ./X-CUBE-AI/App/network.o
 .rodata.conv2d_1_chain
                0x00000000080122b0        0x8 ./X-CUBE-AI/App/network.o
 .rodata.dense_3_chain
                0x00000000080122b8        0x8 ./X-CUBE-AI/App/network.o
 .rodata.dense_3_fmt_chain
                0x00000000080122c0        0x8 ./X-CUBE-AI/App/network.o
 .rodata.nl_4_chain
                0x00000000080122c8        0x8 ./X-CUBE-AI/App/network.o
 .rodata.nl_4_fmt_chain
                0x00000000080122d0        0x8 ./X-CUBE-AI/App/network.o
 .rodata.__compound_literal.0
                0x00000000080122d8        0x4 ./X-CUBE-AI/App/network.o
 .rodata.__compound_literal.1
                0x00000000080122dc        0x1 ./X-CUBE-AI/App/network.o
 *fill*         0x00000000080122dd        0x3 
 .rodata.__compound_literal.2
                0x00000000080122e0        0x8 ./X-CUBE-AI/App/network.o
 .rodata.conv2d_1_scratch2_intq
                0x00000000080122e8        0x8 ./X-CUBE-AI/App/network.o
 .rodata.__compound_literal.3
                0x00000000080122f0        0x4 ./X-CUBE-AI/App/network.o
 .rodata.__compound_literal.4
                0x00000000080122f4        0x1 ./X-CUBE-AI/App/network.o
 *fill*         0x00000000080122f5        0x3 
 .rodata.__compound_literal.5
                0x00000000080122f8        0x8 ./X-CUBE-AI/App/network.o
 .rodata.conv2d_1_scratch1_intq
                0x0000000008012300        0x8 ./X-CUBE-AI/App/network.o
 .rodata.__compound_literal.6
                0x0000000008012308        0x4 ./X-CUBE-AI/App/network.o
 .rodata.__compound_literal.7
                0x000000000801230c        0x1 ./X-CUBE-AI/App/network.o
 *fill*         0x000000000801230d        0x3 
 .rodata.__compound_literal.8
                0x0000000008012310        0x8 ./X-CUBE-AI/App/network.o
 .rodata.dense_3_bias_intq
                0x0000000008012318        0x8 ./X-CUBE-AI/App/network.o
 .rodata.__compound_literal.9
                0x0000000008012320        0x4 ./X-CUBE-AI/App/network.o
 .rodata.__compound_literal.10
                0x0000000008012324        0x1 ./X-CUBE-AI/App/network.o
 *fill*         0x0000000008012325        0x3 
 .rodata.__compound_literal.11
                0x0000000008012328        0x8 ./X-CUBE-AI/App/network.o
 .rodata.dense_3_weights_intq
                0x0000000008012330        0x8 ./X-CUBE-AI/App/network.o
 .rodata.__compound_literal.12
                0x0000000008012338       0x20 ./X-CUBE-AI/App/network.o
 .rodata.__compound_literal.13
                0x0000000008012358        0x8 ./X-CUBE-AI/App/network.o
 .rodata.__compound_literal.14
                0x0000000008012360        0x8 ./X-CUBE-AI/App/network.o
 .rodata.conv2d_1_bias_intq
                0x0000000008012368        0x8 ./X-CUBE-AI/App/network.o
 .rodata.__compound_literal.15
                0x0000000008012370       0x20 ./X-CUBE-AI/App/network.o
 .rodata.__compound_literal.16
                0x0000000008012390        0x8 ./X-CUBE-AI/App/network.o
 .rodata.__compound_literal.17
                0x0000000008012398        0x8 ./X-CUBE-AI/App/network.o
 .rodata.conv2d_1_weights_intq
                0x00000000080123a0        0x8 ./X-CUBE-AI/App/network.o
 .rodata.__compound_literal.18
                0x00000000080123a8        0x4 ./X-CUBE-AI/App/network.o
 .rodata.__compound_literal.19
                0x00000000080123ac        0x1 ./X-CUBE-AI/App/network.o
 *fill*         0x00000000080123ad        0x3 
 .rodata.__compound_literal.20
                0x00000000080123b0        0x8 ./X-CUBE-AI/App/network.o
 .rodata.serving_default_input_20_output_intq
                0x00000000080123b8        0x8 ./X-CUBE-AI/App/network.o
 .rodata.__compound_literal.21
                0x00000000080123c0        0x4 ./X-CUBE-AI/App/network.o
 .rodata.__compound_literal.22
                0x00000000080123c4        0x1 ./X-CUBE-AI/App/network.o
 *fill*         0x00000000080123c5        0x3 
 .rodata.__compound_literal.23
                0x00000000080123c8        0x8 ./X-CUBE-AI/App/network.o
 .rodata.conversion_0_output_intq
                0x00000000080123d0        0x8 ./X-CUBE-AI/App/network.o
 .rodata.__compound_literal.24
                0x00000000080123d8        0x4 ./X-CUBE-AI/App/network.o
 .rodata.__compound_literal.25
                0x00000000080123dc        0x1 ./X-CUBE-AI/App/network.o
 *fill*         0x00000000080123dd        0x3 
 .rodata.__compound_literal.26
                0x00000000080123e0        0x8 ./X-CUBE-AI/App/network.o
 .rodata.conv2d_1_output_intq
                0x00000000080123e8        0x8 ./X-CUBE-AI/App/network.o
 .rodata.__compound_literal.27
                0x00000000080123f0        0x4 ./X-CUBE-AI/App/network.o
 .rodata.__compound_literal.28
                0x00000000080123f4        0x1 ./X-CUBE-AI/App/network.o
 *fill*         0x00000000080123f5        0x3 
 .rodata.__compound_literal.29
                0x00000000080123f8        0x8 ./X-CUBE-AI/App/network.o
 .rodata.dense_3_output_intq
                0x0000000008012400        0x8 ./X-CUBE-AI/App/network.o
 .rodata.__compound_literal.30
                0x0000000008012408        0x4 ./X-CUBE-AI/App/network.o
 .rodata.__compound_literal.31
                0x000000000801240c        0x1 ./X-CUBE-AI/App/network.o
 *fill*         0x000000000801240d        0x3 
 .rodata.__compound_literal.32