../Core/Inc/w25qxx.c:21:9:W25qxx_Spi	32	static
../Core/Inc/w25qxx.c:28:10:W25qxx_ReadID	24	static
../Core/Inc/w25qxx.c:41:6:W25qxx_ReadUniqID	24	static
../Core/Inc/w25qxx.c:52:6:W25qxx_WriteEnable	8	static
../Core/Inc/w25qxx.c:60:6:W25qxx_WriteDisable	8	static
../Core/Inc/w25qxx.c:68:9:W25qxx_ReadStatusRegister	24	static
../Core/Inc/w25qxx.c:94:6:W25qxx_WriteStatusRegister	16	static
../Core/Inc/w25qxx.c:116:6:W25qxx_WaitForWriteEnd	8	static
../Core/Inc/w25qxx.c:130:6:W25qxx_Init	16	static
../Core/Inc/w25qxx.c:258:6:W25qxx_EraseChip	16	static
../Core/Inc/w25qxx.c:279:6:W25qxx_EraseSector	24	static
../Core/Inc/w25qxx.c:307:6:W25qxx_EraseBlock	24	static
../Core/Inc/w25qxx.c:337:10:W25qxx_PageToSector	16	static
../Core/Inc/w25qxx.c:342:10:W25qxx_PageToBlock	16	static
../Core/Inc/w25qxx.c:347:10:W25qxx_SectorToBlock	16	static
../Core/Inc/w25qxx.c:352:10:W25qxx_SectorToPage	16	static
../Core/Inc/w25qxx.c:357:10:W25qxx_BlockToPage	16	static
../Core/Inc/w25qxx.c:362:7:W25qxx_IsEmptyPage	72	static
../Core/Inc/w25qxx.c:431:7:W25qxx_IsEmptySector	72	static
../Core/Inc/w25qxx.c:500:7:W25qxx_IsEmptyBlock	72	static
../Core/Inc/w25qxx.c:569:6:W25qxx_WriteByte	24	static
../Core/Inc/w25qxx.c:596:7:W25qxx_WritePage	32	static
../Core/Inc/w25qxx.c:642:7:W25qxx_WriteSector	40	static
../Core/Inc/w25qxx.c:681:7:W25qxx_WriteBlock	40	static
../Core/Inc/w25qxx.c:720:7:W25qxx_ReadByte	32	static
../Core/Inc/w25qxx.c:745:6:W25qxx_ReadBytes	32	static
../Core/Inc/w25qxx.c:783:7:W25qxx_ReadPage	32	static
../Core/Inc/w25qxx.c:827:7:W25qxx_ReadSector	40	static
../Core/Inc/w25qxx.c:866:7:W25qxx_ReadBlock	40	static
